2021-12-23 09:41:44Format: Log Type - Time(microsec) - Message - Optional Info
2021-12-23 09:41:44Log Type: B - Since Boot(Power On Reset),  D - Delta,  S - Statistic
2021-12-23 09:41:44S - QC_IMAGE_VERSION_STRING=BOOT.BF.3.1.1-00120
2021-12-23 09:41:44S - IMAGE_VARIANT_STRING=DAABANAZA
2021-12-23 09:41:44S - OEM_IMAGE_VERSION_STRING=WINCE-SDC-101
2021-12-23 09:41:44S - Boot Config, 0x00000021
2021-12-23 09:41:44S - Reset status Config, 0x00000000
2021-12-23 09:41:44S - Core 0 Frequency, 0 MHz
2021-12-23 09:41:44B -       261 - PBL, Start
2021-12-23 09:41:44B -      1338 - bootable_media_detect_entry, Start
2021-12-23 09:41:44B -      1678 - bootable_media_detect_success, Start
2021-12-23 09:41:44B -      1692 - elf_loader_entry, Start
2021-12-23 09:41:44B -      5069 - auth_hash_seg_entry, Start
2021-12-23 09:41:44B -      7210 - auth_hash_seg_exit, Start
2021-12-23 09:41:44B -    578641 - elf_segs_hash_verify_entry, Start
2021-12-23 09:41:44B -    696323 - PBL, End
2021-12-23 09:41:44B -    696347 - SBL1, Start
2021-12-23 09:41:44B -    800672 - pm_device_init, Start
2021-12-23 09:41:44D -         6 - pm_device_init, Delta
2021-12-23 09:41:44B -    802080 - boot_flash_init, Start
2021-12-23 09:41:44D -     51514 - boot_flash_init, Delta
2021-12-23 09:41:44B -    857913 - boot_config_data_table_init, Start
2021-12-23 09:41:44D -      3788 - boot_config_data_table_init, Delta - (419 Bytes)
2021-12-23 09:41:44B -    865450 - clock_init, Start
2021-12-23 09:41:44D -      7572 - clock_init, Delta
2021-12-23 09:41:44B -    877046 - CDT version:2,Platform ID:8,Major ID:1,Minor ID:0,Subtype:6
2021-12-23 09:41:44B -    880459 - sbl1_ddr_set_params, Start
2021-12-23 09:41:44B -    885581 - cpr_init, Start
2021-12-23 09:41:44D -         2 - cpr_init, Delta
2021-12-23 09:41:44B -    890018 - Pre_DDR_clock_init, Start
2021-12-23 09:41:44D -         4 - Pre_DDR_clock_init, Delta
2021-12-23 09:41:44D -     13091 - sbl1_ddr_set_params, Delta
2021-12-23 09:41:44B -    903328 - pm_driver_init, Start
2021-12-23 09:41:44D -         2 - pm_driver_init, Delta
2021-12-23 09:41:44B -    976693 - sbl1_wait_for_ddr_training, Start
2021-12-23 09:41:44D -        28 - sbl1_wait_for_ddr_training, Delta
2021-12-23 09:41:44B -   1004825 - Image Load, Start
2021-12-23 09:41:45D -    151652 - QSEE Image Loaded, Delta - (297752 Bytes)
2021-12-23 09:41:45B -   1156955 - Image Load, Start
2021-12-23 09:41:45D -     13440 - SEC Image Loaded, Delta - (2048 Bytes)
2021-12-23 09:41:45B -   1187861 - Image Load, Start
2021-12-23 09:41:45D -    201506 - APPSBL Image Loaded, Delta - (413299 Bytes)
2021-12-23 09:41:45B -   1389870 - QSEE Execution, Start
2021-12-23 09:41:45D -        58 - QSEE Execution, Delta
2021-12-23 09:41:45B -   1396088 - SBL1, End
2021-12-23 09:41:45D -    701851 - SBL1, Delta
2021-12-23 09:41:45S - Flash Throughput, 2013 KB/s  (713518 Bytes,  354318 us)
2021-12-23 09:41:45S - DDR Frequency, 672 MHz
2021-12-23 09:41:45
2021-12-23 09:41:45
2021-12-23 09:41:45U-Boot 2012.07 [Chaos Calmer 15.05.1,r2053] (Oct 16 2021 - 23:03:16)
2021-12-23 09:41:45
2021-12-23 09:41:45smem ram ptable found: ver: 1 len: 3
2021-12-23 09:41:45DRAM:  512 MiB
2021-12-23 09:41:45machid : 0x8010006
2021-12-23 09:41:45NAND:  ID = 302012c
2021-12-23 09:41:45Vendor = 2c
2021-12-23 09:41:45Device = 1
2021-12-23 09:41:45ONFI device found
2021-12-23 09:41:45SF: Detected MX25L25635E with page size 4 KiB, total 32 MiB
2021-12-23 09:41:45Watch dog reset in spi_flash_probe
2021-12-23 09:41:45ipq_spi: page_size: 0x100, sector_size: 0x1000, size: 0x2000000
2021-12-23 09:41:45160 MiB
2021-12-23 09:41:45In:    serial
2021-12-23 09:41:45Out:   serial
2021-12-23 09:41:45Err:   serial
2021-12-23 09:41:45machid: 8010006
2021-12-23 09:41:45flash_type: 0
2021-12-23 09:41:45Autoboot in 2 seconds, hit [CTRL+C],
2021-12-23 09:41:45bootdelay (Press 'CTRL+C' or 'CTRL+c' to Enter uboot command)
2021-12-23 09:41:47HW watchdog reset in mainloop, s = bootipq
2021-12-23 09:41:47Erasing Nand...
2021-12-23 09:41:48Erasing at 0xef000 -- 100% complete.
2021-12-23 09:41:48Writing to Nand... done
2021-12-23 09:41:48SF: Detected MX25L25635E with page size 4 KiB, total 32 MiB
2021-12-23 09:41:48Watch dog reset in spi_flash_probe
2021-12-23 09:41:49Watch dog reset in boot_get_kernel
2021-12-23 09:41:49## Booting kernel from FIT Image at 84000000 ...
2021-12-23 09:41:49   Using 'config@ap.dk07.1-c1' configuration
2021-12-23 09:41:49   Trying 'kernel@1' kernel subimage
2021-12-23 09:41:49     Description:  ARM OpenWrt Linux-4.4.60
2021-12-23 09:41:49     Type:         Kernel Image
2021-12-23 09:41:49     Compression:  gzip compressed
2021-12-23 09:41:49     Data Start:   0x840000e4
2021-12-23 09:41:49     Data Size:    3146774 Bytes = 3 MiB
2021-12-23 09:41:49     Architecture: ARM
2021-12-23 09:41:49     OS:           Linux
2021-12-23 09:41:49     Load Address: 0x80208000
2021-12-23 09:41:49     Entry Point:  0x80208000
2021-12-23 09:41:49     Hash algo:    crc32
2021-12-23 09:41:49     Hash value:   d5a83016
2021-12-23 09:41:49     Hash algo:    sha1
2021-12-23 09:41:49     Hash value:   834b4d7cc59af9b104f3fd9fdee409eb6a96c0ef
2021-12-23 09:41:51   Verifying Hash Integrity ... crc32+ sha1+ OK
2021-12-23 09:41:52## Flattened Device Tree from FIT Image at 84000000
2021-12-23 09:41:52   Using 'config@ap.dk07.1-c1' configuration
2021-12-23 09:41:52   Trying 'fdt@ap.dk07.1-c1' FDT blob subimage
2021-12-23 09:41:52     Description:  ARM OpenWrt qcom-ipq40xx-ap.dkxx device tree blob
2021-12-23 09:41:52     Type:         Flat Device Tree
2021-12-23 09:41:52     Compression:  uncompressed
2021-12-23 09:41:52     Data Start:   0x84349244
2021-12-23 09:41:52     Data Size:    21472 Bytes = 21 KiB
2021-12-23 09:41:52     Architecture: ARM
2021-12-23 09:41:52     Hash algo:    crc32
2021-12-23 09:41:52     Hash value:   971c439a
2021-12-23 09:41:52     Hash algo:    sha1
2021-12-23 09:41:52     Hash value:   4bfa447a4f9235222534a0693d7978f37edccee3
2021-12-23 09:41:52   Verifying Hash Integrity ... crc32+ sha1+ OK
2021-12-23 09:41:52   Booting using the fdt blob at 0x84349244
2021-12-23 09:41:52   Uncompressing Kernel Image ... OK
2021-12-23 09:41:52   Loading Device Tree to 86ff7000, end 86fff3df ... OK
2021-12-23 09:41:52Using machid 0x8010006 from environment
2021-12-23 09:41:52
2021-12-23 09:41:52Starting kernel ...
2021-12-23 09:41:52
2021-12-23 09:41:53[    0.000000] Booting Linux on physical CPU 0x0
2021-12-23 09:41:53[    0.000000] Linux version 4.4.60 (zhuangzhi.xu@linux-server03) (gcc version 4.8.3 (OpenWrt/Linaro GCC 4.8-2014.04 r619) ) #2 SMP PREEMPT Fri Dec 17 23:56:24 CST 2021
2021-12-23 09:41:53[    0.000000] CPU: ARMv7 Processor [410fc075] revision 5 (ARMv7), cr=10c5387d
2021-12-23 09:41:53[    0.000000] CPU: PIPT / VIPT nonaliasing data cache, VIPT aliasing instruction cache
2021-12-23 09:41:53[    0.000000] Machine model: Qualcomm Technologies, Inc. IPQ40xx/AP-DK07.1-C1
2021-12-23 09:41:53[    0.000000] Memory policy: Data cache writealloc
2021-12-23 09:41:53[    0.000000] PERCPU: Embedded 11 pages/cpu @(ptrval) s14400 r8192 d22464 u45056
2021-12-23 09:41:53[    0.000000] Built 1 zonelists in Zone order, mobility grouping on.  Total pages: 124416
2021-12-23 09:41:53[    0.000000] Kernel command line: rootfsname=rootfs isolcpus=0 rootwait clk_ignore_unused
2021-12-23 09:41:53[    0.000000] PID hash table entries: 2048 (order: 1, 8192 bytes)
2021-12-23 09:41:53[    0.000000] Dentry cache hash table entries: 65536 (order: 6, 262144 bytes)
2021-12-23 09:41:53[    0.000000] Inode-cache hash table entries: 32768 (order: 5, 131072 bytes)
2021-12-23 09:41:53[    0.000000] Memory: 490460K/501760K available (4330K kernel code, 299K rwdata, 1560K rodata, 212K init, 231K bss, 11300K reserved, 0K cma-reserved, 0K highmem)
2021-12-23 09:41:53[    0.000000] Virtual kernel memory layout:
2021-12-23 09:41:53[    0.000000]     vector  : 0xffff0000 - 0xffff1000   (   4 kB)
2021-12-23 09:41:53[    0.000000]     fixmap  : 0xffc00000 - 0xfff00000   (3072 kB)
2021-12-23 09:41:53[    0.000000]     vmalloc : 0xe0800000 - 0xff800000   ( 496 MB)
2021-12-23 09:41:53[    0.000000]     lowmem  : 0xc0000000 - 0xe0000000   ( 512 MB)
2021-12-23 09:41:53[    0.000000]     pkmap   : 0xbfe00000 - 0xc0000000   (   2 MB)
2021-12-23 09:41:53[    0.000000]     modules : 0xbf000000 - 0xbfe00000   (  14 MB)
2021-12-23 09:41:53[    0.000000]       .text : 0x(ptrval) - 0x(ptrval)   (5891 kB)
2021-12-23 09:41:53[    0.000000]       .init : 0x(ptrval) - 0x(ptrval)   ( 212 kB)
2021-12-23 09:41:53[    0.000000]       .data : 0x(ptrval) - 0x(ptrval)   ( 300 kB)
2021-12-23 09:41:53[    0.000000]        .bss : 0x(ptrval) - 0x(ptrval)   ( 232 kB)
2021-12-23 09:41:53[    0.000000] SLUB: HWalign=64, Order=0-3, MinObjects=0, CPUs=4, Nodes=1
2021-12-23 09:41:53[    0.000000] Preemptible hierarchical RCU implementation.
2021-12-23 09:41:53[    0.000000]  Build-time adjustment of leaf fanout to 32.
2021-12-23 09:41:53[    0.000000] NR_IRQS:16 nr_irqs:16 16
2021-12-23 09:41:53[    0.000000] Architected cp15 timer(s) running at 48.00MHz (virt).
2021-12-23 09:41:53[    0.000000] clocksource: arch_sys_counter: mask: 0xffffffffffffff max_cycles: 0xb11fd3bfb, max_idle_ns: 440795203732 ns
2021-12-23 09:41:53[    0.000007] sched_clock: 56 bits at 48MHz, resolution 20ns, wraps every 4398046511096ns
2021-12-23 09:41:53[    0.000024] Switching to timer-based delay loop, resolution 20ns
2021-12-23 09:41:53[    0.000248] Calibrating delay loop (skipped), value calculated using timer frequency.. 96.00 BogoMIPS (lpj=48000)
2021-12-23 09:41:53[    0.000265] pid_max: default: 32768 minimum: 301
2021-12-23 09:41:53[    0.000393] Mount-cache hash table entries: 1024 (order: 0, 4096 bytes)
2021-12-23 09:41:53[    0.000407] Mountpoint-cache hash table entries: 1024 (order: 0, 4096 bytes)
2021-12-23 09:41:53[    0.001202] CPU: Testing write buffer coherency: ok
2021-12-23 09:41:53[    0.001519] CPU0: thread -1, cpu 0, socket 0, mpidr 80000000
2021-12-23 09:41:53[    0.001612] Setting up static identity map for 0x80208280 - 0x802082d8
2021-12-23 09:41:53[    0.009170] MSM Memory Dump base table set up
2021-12-23 09:41:53[    0.009213] MSM Memory Dump apps data table set up
2021-12-23 09:41:53[    0.014169] CPU1: thread -1, cpu 1, socket 0, mpidr 80000001
2021-12-23 09:41:53[    0.018239] CPU2: thread -1, cpu 2, socket 0, mpidr 80000002
2021-12-23 09:41:53[    0.022336] CPU3: thread -1, cpu 3, socket 0, mpidr 80000003
2021-12-23 09:41:53[    0.022451] Brought up 4 CPUs
2021-12-23 09:41:53[    0.022483] SMP: Total of 4 processors activated (384.00 BogoMIPS).
2021-12-23 09:41:53[    0.022491] CPU: All CPU(s) started in SVC mode.
2021-12-23 09:41:53[    0.030935] VFP support v0.3: implementor 41 architecture 2 part 30 variant 7 rev 5
2021-12-23 09:41:53[    0.031428] clocksource: jiffies: mask: 0xffffffff max_cycles: 0xffffffff, max_idle_ns: 1911260446275000 ns
2021-12-23 09:41:53[    0.031461] futex hash table entries: 1024 (order: 4, 65536 bytes)
2021-12-23 09:41:53[    0.031822] pinctrl core: initialized pinctrl subsystem
2021-12-23 09:41:53[    0.033477] NET: Registered protocol family 16
2021-12-23 09:41:53[    0.035096] DMA: preallocated 2048 KiB pool for atomic coherent allocations
2021-12-23 09:41:53[    0.039494] cpuidle: using governor ladder
2021-12-23 09:41:54[    0.043512] cpuidle: using governor menu
2021-12-23 09:41:54[    0.059663] Read of property:soc_version_minor from node failed
2021-12-23 09:41:54[    0.059678] Read of property:soc_version_major from node failed
2021-12-23 09:41:54[    0.059686] Read of property:cpu_type from node failed
2021-12-23 09:41:54[    0.059698] CPU: unavail, SoC Version: 4294967295.4294967295
2021-12-23 09:41:54[    0.059870] <CORE> glink_init: IPC Logging Disabled
2021-12-23 09:41:54[    0.060756] IPC logging disabled
2021-12-23 09:41:54[    0.060790] IPC logging disabled
2021-12-23 09:41:54[    0.060798] IPC logging disabled
2021-12-23 09:41:54[    0.060805] IPC logging disabled
2021-12-23 09:41:54[    0.060811] IPC logging disabled
2021-12-23 09:41:54[    0.061093] sps:sps is ready.
2021-12-23 09:41:54[    0.072707] Advanced Linux Sound Architecture Driver Initialized.
2021-12-23 09:41:54[    0.073779] clocksource: Switched to clocksource arch_sys_counter
2021-12-23 09:41:54[    0.075684] NET: Registered protocol family 2
2021-12-23 09:41:54[    0.076592] TCP established hash table entries: 4096 (order: 2, 16384 bytes)
2021-12-23 09:41:54[    0.076667] TCP bind hash table entries: 4096 (order: 3, 32768 bytes)
2021-12-23 09:41:54[    0.076808] TCP: Hash tables configured (established 4096 bind 4096)
2021-12-23 09:41:54[    0.076878] UDP hash table entries: 256 (order: 1, 8192 bytes)
2021-12-23 09:41:54[    0.076912] UDP-Lite hash table entries: 256 (order: 1, 8192 bytes)
2021-12-23 09:41:54[    0.077185] NET: Registered protocol family 1
2021-12-23 09:41:54[    0.079202] Physical address for crash reserved memory: 0x8ff00000, size: 0x100000
2021-12-23 09:41:54[    0.079230] crash info module initialized.
2021-12-23 09:41:54[    0.079445] crash info module initialized.MAX=500
2021-12-23 09:41:54[    0.079473] umac and statistic_pfm module depends function pointer init ok
2021-12-23 09:41:54[    0.087465] squashfs: version 4.0 (2009/01/31) Phillip Lougher
2021-12-23 09:41:54[    0.087489] jffs2: version 2.2 (NAND) (SUMMARY) (LZMA) (RTIME) (CMODE_PRIORITY) (c) 2001-2006 Red Hat, Inc.
2021-12-23 09:41:54[    0.092676] Key type asymmetric registered
2021-12-23 09:41:54[    0.092700] Asymmetric key parser 'x509' registered
2021-12-23 09:41:54[    0.092752] io scheduler noop registered
2021-12-23 09:41:54[    0.092799] io scheduler deadline registered (default)
2021-12-23 09:41:54[    0.094386] 40000000.pci supply vdda not found, using dummy regulator
2021-12-23 09:41:54[    0.094465] 40000000.pci supply vdda_phy not found, using dummy regulator
2021-12-23 09:41:54[    0.094551] 40000000.pci supply vdda_refclk not found, using dummy regulator
2021-12-23 09:41:54[    0.094957] PCI host bridge /soc/pci@40000000 ranges:
2021-12-23 09:41:54[    0.094993]    IO 0x40200000..0x402fffff -> 0x40200000
2021-12-23 09:41:54[    0.095015]   MEM 0x48000000..0x57ffffff -> 0x48000000
2021-12-23 09:41:54[    1.160419] qcom-pcie 40000000.pci: phy link never came up
2021-12-23 09:41:54[    1.198097] qcom-pcie 40000000.pci: hostinit failed
2021-12-23 09:41:54[    1.198112] qcom-pcie 40000000.pci: cannot initialize host
2021-12-23 09:41:54[    1.198325] qcom-pcie: probe of 40000000.pci failed with error -110
2021-12-23 09:41:54[    1.203883] NET: Registered protocol family 27
2021-12-23 09:41:54[    1.203903] IPC_RTR: ipc_router_create_log_ctx: IPC Logging disabled
2021-12-23 09:41:54[    1.203924] qmi_log_init: IPC Logging disabled
2021-12-23 09:41:54[    1.203934] qmi_log_init: IPC Logging disabled
2021-12-23 09:41:54[    1.204498] tcsr 194b000.tcsr: setting usb hs phy mode select = e700e7
2021-12-23 09:41:54[    1.204561] tcsr 1953000.ess_tcsr: setting ess interface select = 0
2021-12-23 09:41:54[    1.204633] tcsr 1949000.tcsr: setting wifi_glb_cfg = 41000000
2021-12-23 09:41:54[    1.204692] tcsr 1957000.tcsr: setting wifi_noc_memtype_m0_m2 = 2222222
2021-12-23 09:41:54[    1.205745] msm_serial: driver initialized
2021-12-23 09:41:54[    1.206077] msm_serial_hsl_probe: detected port #0 (ttyMSM0)
2021-12-23 09:41:54[    1.206114] msm_serial_hsl_probe: Bus scaling is disabled
2021-12-23 09:41:54[    1.206252] 78af000.serial: ttyMSM0 at MMIO 0x78af000 (irq = 27, base_baud = 115200) is a MSM
2021-12-23 09:41:54[    1.206334] msm_hsl_console_setup: console setup on port #0
2021-12-23 09:41:54[    1.841390] console [ttyMSM0] enabled
2021-12-23 09:41:54[    1.845502] msm_serial_hsl_probe: detected port #1 (ttyMSM1)
2021-12-23 09:41:54[    1.850689] msm_serial_hsl_probe: Bus scaling is disabled
2021-12-23 09:41:54[    1.856172] 78b0000.serial: ttyMSM1 at MMIO 0x78b0000 (irq = 28, base_baud = 115200) is a MSM
2021-12-23 09:41:54[    1.865070] msm_serial_hsl_init: driver initialized
2021-12-23 09:41:54[    1.884154] brd: module loaded
2021-12-23 09:41:54[    1.887011] spi_qup 78b5000.spi: IN:block:16, fifo:64, OUT:block:16, fifo:64
2021-12-23 09:41:54[    1.894708] spi_qup 78b6000.spi: IN:block:16, fifo:64, OUT:block:16, fifo:64
2021-12-23 09:41:54[    1.903037] m25p80 spi0.0: found mx25l25635e, expected n25q128a11
2021-12-23 09:41:54[    1.908147] m25p80 spi0.0: mx25l25635e (32768 Kbytes)
2021-12-23 09:41:54[    1.913242] 16 ofpart partitions found on MTD device spi0.0
2021-12-23 09:41:54[    1.918713] Creating 16 MTD partitions on "spi0.0":
2021-12-23 09:41:54[    1.923578] 0x000000000000-0x000000040000 : "0:SBL1"
2021-12-23 09:41:54[    1.929871] 0x000000040000-0x000000060000 : "0:MIBIB"
2021-12-23 09:41:54[    1.935156] 0x000000060000-0x0000000c0000 : "0:QSEE"
2021-12-23 09:41:54[    1.940360] 0x0000000c0000-0x0000000d0000 : "0:CDT"
2021-12-23 09:41:54[    1.945402] 0x0000000d0000-0x0000000e0000 : "0:DDRPARAMS"
2021-12-23 09:41:54[    1.950958] 0x0000000e0000-0x0000000f0000 : "0:APPSBLENV"
2021-12-23 09:41:54[    1.956487] 0x0000000f0000-0x000000170000 : "0:APPSBL"
2021-12-23 09:41:54[    1.961830] 0x000000170000-0x000000180000 : "0:ART"
2021-12-23 09:41:54[    1.966908] 0x000000180000-0x000000500000 : "1:HLOS"
2021-12-23 09:41:54[    1.972076] 0x000000500000-0x000001010000 : "rootfs_bak"
2021-12-23 09:41:54[    1.977586] 0x000001010000-0x000001390000 : "0:HLOS"
2021-12-23 09:41:54[    1.982840] 0x000001390000-0x000001ea0000 : "rootfs"
2021-12-23 09:41:54[    1.988015] mtd: device 11 (rootfs) set to be root filesystem
2021-12-23 09:41:54[    1.992787] 0x000001ea0000-0x000001f90000 : "rootfs_data"
2021-12-23 09:41:54[    1.999276] 0x000001f90000-0x000001fe0000 : "cclog"
2021-12-23 09:41:54[    2.004291] 0x000001fe0000-0x000001ff0000 : "oem"
2021-12-23 09:41:54[    2.009157] 0x000001ff0000-0x000002000000 : "testdata"
2021-12-23 09:41:54[    2.015652] nand: device found, Manufacturer ID: 0x2c, Chip ID: 0xf1
2021-12-23 09:41:54[    2.021019] nand: Micron MT29F1G08ABAEAWP
2021-12-23 09:41:54[    2.024992] nand: 128 MiB, SLC, erase size: 128 KiB, page size: 2048, OOB size: 64
2021-12-23 09:41:54[    2.034630] libphy: Fixed MDIO Bus: probed
2021-12-23 09:41:54[    2.258527] qca-mdio 90000.mdio: Could not find phy-reset-gpio
2021-12-23 09:41:54[    2.263534] libphy: qca_mdio: probed
2021-12-23 09:41:54[    2.270076] qca-mdio 90000.mdio: qca-mdio driver was registered
2021-12-23 09:41:54[    2.275100] Unable to create IPC log context!
2021-12-23 09:41:54[    2.279707] i2c /dev entries driver
2021-12-23 09:41:54[    2.287271] 
2021-12-23 09:41:54[    2.287271] Version Rollback Feature Disabled
2021-12-23 09:41:54[    2.297623] NET: Registered protocol family 17
2021-12-23 09:41:54[    2.301170] bridge: automatic filtering via arp/ip/ip6tables has been deprecated. Update your scripts to load br_netfilter if you need this.
2021-12-23 09:41:54[    2.313701] Bridge firewalling registered
2021-12-23 09:41:54[    2.317649] 8021q: 802.1Q VLAN Support v1.8
2021-12-23 09:41:54[    2.321936] [VNET] Vnet Module Init
2021-12-23 09:41:54[    2.325394] Registering SWP/SWPB emulation handler
2021-12-23 09:41:54[    2.332024] hctosys: unable to open rtc device (rtc0)
2021-12-23 09:41:54[    2.340371] SD0 VccQ: disabling
2021-12-23 09:41:54[    2.342558] clk: Not disabling unused clocks
2021-12-23 09:41:54[    2.346791] ALSA device list:
2021-12-23 09:41:54[    2.349711]   No soundcards found.
2021-12-23 09:41:54[    2.360624] VFS: Mounted root (squashfs filesystem) readonly on device 31:11.
2021-12-23 09:41:54[    2.367104] Freeing unused kernel memory: 212K ((ptrval) - (ptrval))
2021-12-23 09:41:56[    3.964536] init: Console is alive
2021-12-23 09:41:57[    5.565536] random: nonblocking pool is initialized
2021-12-23 09:41:58[    5.963407] Button Hotplug driver version 0.4.1
2021-12-23 09:41:59[    6.968188] init: - preinit -
2021-12-23 09:41:59Press the [f] key and hit [enter] to enter failsafe mode
2021-12-23 09:41:59Press the [1], [2], [3] or [4] key and hit [enter] to select the debug level
2021-12-23 09:42:01Before mount_root
2021-12-23 09:42:01[    9.466819] jffs2: notice: (136) jffs2_build_xattr_subsystem: complete building xattr subsystem, 0 of xdatum (0 unchecked, 0 orphan) and 0 of xref (0 dead, 0 orphan) found.
2021-12-23 09:42:01[    9.495489] mount_root: switching to jffs2 overlay
2021-12-23 09:42:01After mount_root
2021-12-23 09:42:02377+0 records in
2021-12-23 09:42:02377+0 records out
2021-12-23 09:42:0212064 bytes (11.8KB) copied, 0.035406 seconds, 332.7KB/s
2021-12-23 09:42:02377+0 records in
2021-12-23 09:42:02377+0 records out
2021-12-23 09:42:0212064 bytes (11.8KB) copied, 0.030973 seconds, 380.4KB/s
2021-12-23 09:42:02377+0 records in
2021-12-23 09:42:02377+0 records out
2021-12-23 09:42:0212064 bytes (11.8KB) copied, 0.020212 seconds, 582.9KB/s
2021-12-23 09:42:02[    9.870210] procd: - early -
2021-12-23 09:42:02[   10.479253] procd: - ubus -
2021-12-23 09:42:03[   11.484875] procd: - init -
2021-12-23 09:42:03Please press Enter to activate this console.
2021-12-23 09:42:05[   12.733900] jffs2: notice: (482) jffs2_build_xattr_subsystem: complete building xattr subsystem, 0 of xdatum (0 unchecked, 0 orphan) and 0 of xref (0 dead, 0 orphan) found.
2021-12-23 09:42:06oem partation:/dev/mtd14 size:65536
2021-12-23 09:42:06restore oemfile to /etc/config/oem
2021-12-23 09:42:08[   15.900458] hwcheck_module_init
2021-12-23 09:42:08[   15.910515] kernel_send_sock init success
2021-12-23 09:42:08[   15.913657] kernel_listen_sock init success
2021-12-23 09:42:08[   15.949952] QCE50: __qce_get_device_tree_data: BAM Apps EE is not defined, setting to default 1
2021-12-23 09:42:08[   15.958131] QCE50: __qce_init_clk: Unable to get CE core src clk, set to NULL
2021-12-23 09:42:08[   15.964897] qcrypto 8e20000.qcrypto: Qualcomm Crypto 5.3.1 device found @0x8e20000
2021-12-23 09:42:08[   15.972344] qcrypto 8e20000.qcrypto: CE device = 0x0
2021-12-23 09:42:08[   15.972344] , IO base, CE = 0xcd8c4e74
2021-12-23 09:42:08[   15.972344] , Consumer (IN) PIPE 2,    Producer (OUT) PIPE 3
2021-12-23 09:42:08[   15.972344] IO base BAM = 0x  (null)
2021-12-23 09:42:08[   15.972344] BAM IRQ 26
2021-12-23 09:42:08[   15.972344] Engines Availability = 0x2010453
2021-12-23 09:42:08[   15.996819] sps_register_bam_device : unable to create IPC Logging 0 for bam 0x08e04000
2021-12-23 09:42:08[   16.004613] sps_register_bam_device : unable to create IPC Logging 1 for bam 0x08e04000sps_register_bam_device : unable to create IPC Logging 2 for bam 0x08e04000
2021-12-23 09:42:08[   16.019132] sps_register_bam_device : unable to create IPC Logging 3 for bam 0x08e04000sps_register_bam_device : unable to create IPC Logging 4 for bam 0x08e04000
2021-12-23 09:42:08[   16.033598] sps:BAM 0x08e04000 is registered.[   16.038131] sps:BAM 0x08e04000 (va:0xf2c548cd) enabled: ver:0x27, number of pipes:4
2021-12-23 09:42:08[   16.045834] QCE50: qce_sps_init:  Qualcomm MSM CE-BAM at 0x0000000008e04000 irq 26
2021-12-23 09:42:08[   16.055436] bus_scale_table is NULL
2021-12-23 09:42:08[   16.058104] qcrypto 8e20000.qcrypto: qcrypto-ecb-aes
2021-12-23 09:42:08[   16.062995] qcrypto 8e20000.qcrypto: qcrypto-cbc-aes
2021-12-23 09:42:08[   16.067923] qcrypto 8e20000.qcrypto: qcrypto-ctr-aes
2021-12-23 09:42:08[   16.072886] qcrypto 8e20000.qcrypto: qcrypto-ecb-des
2021-12-23 09:42:08[   16.077838] qcrypto 8e20000.qcrypto: qcrypto-cbc-des
2021-12-23 09:42:08[   16.082781] qcrypto 8e20000.qcrypto: qcrypto-ecb-3des
2021-12-23 09:42:08[   16.087826] qcrypto 8e20000.qcrypto: qcrypto-cbc-3des
2021-12-23 09:42:08[   16.092856] qcrypto 8e20000.qcrypto: qcrypto-xts-aes
2021-12-23 09:42:08[   16.097804] qcrypto 8e20000.qcrypto: qcrypto-sha1
2021-12-23 09:42:08[   16.102476] qcrypto 8e20000.qcrypto: qcrypto-sha256
2021-12-23 09:42:08[   16.107332] qcrypto 8e20000.qcrypto: qcrypto-aead-hmac-sha1-cbc-aes
2021-12-23 09:42:08[   16.113631] qcrypto 8e20000.qcrypto: qcrypto-aead-hmac-sha1-cbc-des
2021-12-23 09:42:08[   16.119868] qcrypto 8e20000.qcrypto: qcrypto-aead-hmac-sha1-cbc-3des
2021-12-23 09:42:08[   16.126179] qcrypto 8e20000.qcrypto: qcrypto-aead-hmac-sha256-cbc-aes
2021-12-23 09:42:08[   16.132598] qcrypto 8e20000.qcrypto: qcrypto-aead-hmac-sha256-cbc-des
2021-12-23 09:42:08[   16.139018] qcrypto 8e20000.qcrypto: qcrypto-aead-hmac-sha256-cbc-3des
2021-12-23 09:42:08[   16.145523] qcrypto 8e20000.qcrypto: qcrypto-hmac-sha1
2021-12-23 09:42:08[   16.150647] qcrypto 8e20000.qcrypto: qcrypto-hmac-sha256
2021-12-23 09:42:08[   16.155943] qcrypto 8e20000.qcrypto: qcrypto-aes-ccm
2021-12-23 09:42:08[   16.160890] qcrypto 8e20000.qcrypto: qcrypto-rfc4309-aes-ccm
2021-12-23 09:42:08[   16.176905] nf_conntrack version 0.5.0 (7666 buckets, 30664 max)
2021-12-23 09:42:08[   16.188507] PPP generic driver version 2.4.2
2021-12-23 09:42:10[   18.459588] ssdk_alloc_priv[4418]:INFO:ess-switch dts node number: 1
2021-12-23 09:42:10[   18.464981] ssdk_dt_parse[2646]:INFO:ess-switch DT exist!
2021-12-23 09:42:10[   18.470335] ssdk_dt_parse[2675]:INFO:switch_access_mode: local bus
2021-12-23 09:42:10[   18.476474] ssdk_dt_parse_mac_mode[2274]:INFO:mac mode = 0x0
2021-12-23 09:42:10[   18.482109] ssdk_dt_parse_mac_mode[2280]:INFO:mac mode1 doesn't exit!
2021-12-23 09:42:10[   18.488536] ssdk_dt_parse_mac_mode[2289]:INFO:mac mode2 doesn't exit!
2021-12-23 09:42:10[   18.494977] ssdk_dt_parse_uniphy[2308]:INFO:ess-uniphy DT doesn't exist!
2021-12-23 09:42:10[   18.501648] ssdk_dt_parse_scheduler_cfg[2498]:ERROR:cannot find port_scheduler_resource node
2021-12-23 09:42:10[   18.510065] ssdk_dt_parse_phy_info[2541]:INFO:qcom,port_phyinfo DT doesn't exist!
2021-12-23 09:42:10[   18.517542] ssdk_dt_parse_mdio[2578]:INFO:mdio DT exist!
2021-12-23 09:42:10[   18.522835] ssdk_dt_parse[2701]:INFO:switchreg_base_addr: 0xc000000
2021-12-23 09:42:10[   18.529073] ssdk_dt_parse[2702]:INFO:switchreg_size: 0x80000
2021-12-23 09:42:10[   18.534724] ssdk_dt_parse[2711]:INFO:ess-psgmii DT exist!
2021-12-23 09:42:10[   18.540101] ssdk_dt_parse[2768]:INFO:current dts led_source_num is 0
2021-12-23 09:42:10[   18.546437] ssdk_plat_init start
2021-12-23 09:42:10[   18.549833] enable ess clk
2021-12-23 09:42:10[   18.614140] malibu_phy_api_ops_init[2505]:INFO:qca probe malibu phy driver succeeded!
2021-12-23 09:42:10[   18.624082] regi_init[4523]:INFO:Initializing DESS!!
2021-12-23 09:42:10[   18.628161] qca_dess_hw_init[3290]:INFO:ssdk_psgmii_self_test: 100
2021-12-23 09:42:12[   20.320427] ssdk_switch_register[1587]:INFO:Chip version 0x1401
2021-12-23 09:42:12[   20.325354] qca_link_polling_select[1281]:INFO:link-polling-required node does not exist
2021-12-23 09:42:12[   20.333401] ssdk_switch_register[1610]:INFO:polling is selected
2021-12-23 09:42:12[   20.339308] regi_init[4532]:INFO:Initializing DESS Done!!
2021-12-23 09:42:12[   20.344778] regi_init[4556]:INFO:qca-ssdk module init succeeded!
2021-12-23 09:42:12[   20.353328] tun: Universal TUN/TAP device driver, 1.6
2021-12-23 09:42:12[   20.357386] tun: (C) 1999-2004 Max Krasnyansky <maxk@qualcomm.com>
2021-12-23 09:42:12[   20.369240] **********************************************************
2021-12-23 09:42:12[   20.374789] * Driver    :NSS GMAC Driver for RTL v(3.72a)
2021-12-23 09:42:12[   20.380189] * Version   :1.0
2021-12-23 09:42:12[   20.383018] * Copyright :Copyright (c) 2013-2016 The Linux Foundation. All rights reserved.
2021-12-23 09:42:12[   20.391344] **********************************************************
2021-12-23 09:42:12[   20.400926] l2tp_core: L2TP core driver, V2.0
2021-12-23 09:42:12[   20.405265] l2tp_netlink: L2TP netlink interface
2021-12-23 09:42:12[   20.445550] qca-nss-drv.ko is loaded for symbol link
2021-12-23 09:42:12[   20.454085] gre: GRE over IPv4 demultiplexor driver
2021-12-23 09:42:12[   20.459630] ip_gre: GRE over IPv4 tunneling driver
2021-12-23 09:42:12[   20.480191] Ethernet Channel Bonding Driver: v3.7.1 (April 27, 2011)
2021-12-23 09:42:12[   20.497502] edma_hw_addr = e16e0000
2021-12-23 09:42:12[   20.526120] u32 classifier
2021-12-23 09:42:12[   20.527914]     input device check on
2021-12-23 09:42:12[   20.531505]     Actions configured
2021-12-23 09:42:12[   20.537291] Mirror/redirect action on
2021-12-23 09:42:12[   20.585214] Ebtables v2.0 registered
2021-12-23 09:42:12[   20.589911] ip_tables: (C) 2000-2006 Netfilter Core Team
2021-12-23 09:42:12[   20.624215] nf_conntrack_rtsp v0.6.21 loading
2021-12-23 09:42:13[   20.663653] nf_nat_rtsp v0.6.21 loading
2021-12-23 09:42:13[   20.675171] PPP MPPE Compression module registered
2021-12-23 09:42:13[   20.680431] NET: Registered protocol family 24
2021-12-23 09:42:13[   20.686474] PPTP driver version 0.8.5
2021-12-23 09:42:13[   20.737468] xt_time: kernel timezone is -0000
2021-12-23 09:42:13[   20.750656] l2tp_ppp: PPPoL2TP kernel driver, V2.0
2021-12-23 09:42:19[   27.596533] pfm_control_main_module init success
2021-12-23 09:42:20[   27.634715] statistic_pfm module init ok
2021-12-23 09:42:20[   27.657151] mem_manager: module license 'unspecified' taints kernel.
2021-12-23 09:42:20[   27.662528] Disabling lock debugging due to kernel taint
2021-12-23 09:42:20[   27.668880] __mm_init_module 
2021-12-23 09:42:20[   27.713109] ath_dfs: Version 2.0.0
2021-12-23 09:42:20[   27.713109] Copyright (c) 2005-2006 Atheros Communications, Inc. All Rights Reserved
2021-12-23 09:42:20[   27.737226] ath_spectral: Version 2.0.0
2021-12-23 09:42:20[   27.737226] Copyright (c) 2005-2009 Atheros Communications, Inc. All Rights Reserved
2021-12-23 09:42:24[   31.599167] ol_ath_ahb_probe
2021-12-23 09:42:24[   31.601185] ol_ath_ahb_probe: io resource start: 0xa000000, mem=0xe1c80000
2021-12-23 09:42:24[   31.607920]  *********** Dakota *************
2021-12-23 09:42:24[   31.612724] 
2021-12-23 09:42:24[   31.612724] __ol_ath_attach() Allocated scn 7f89efb9
2021-12-23 09:42:24[   31.618731] ol_ath_ahb_configure: MSI addr: 0b006040, MSI base: 00000040
2021-12-23 09:42:24[   31.625510] ath10k_ahb a000000.wifi: ath DEBUG: sc=0x9a33cdfd
2021-12-23 09:42:24[   31.631093] 
2021-12-23 09:42:24[   31.631093]  ol_ath_ahb_configure : num_desired MSI set to 0
2021-12-23 09:42:24[   31.638286] 
2021-12-23 09:42:24[   31.638286]  Using Legacy Interrupt
2021-12-23 09:42:24[   31.643153] 
2021-12-23 09:42:24[   31.643153]  Waiting for target init
2021-12-23 09:42:24[   31.648175] 
2021-12-23 09:42:24[   31.648175]  Done waiting
2021-12-23 09:42:24[   31.652293] nss is not enabled on this platform
2021-12-23 09:42:24[   31.656786] nss register id -1 offload mode enabled = 0 nss config 0 Target Type b host radio id 0 
2021-12-23 09:42:24[   31.671695] 
2021-12-23 09:42:24[   31.671695]  CLOCK PLL skipped 
2021-12-23 09:42:24[   31.675438] __ol_ath_attach: dev name wifi0
2021-12-23 09:42:24[   31.679493] ol_ath_attach interface_id 0
2021-12-23 09:42:24[   31.683600] ol_target_init() BMI inited.
2021-12-23 09:42:24[   31.687496] ol_target_init() BMI Get Target Info.
2021-12-23 09:42:24[   31.691985] Chip id: 0xb, chip version: 0x1000000
2021-12-23 09:42:24[   31.696663] 
2021-12-23 09:42:24[   31.696663]  CE WAR Disabled
2021-12-23 09:42:24[   31.701127] NUM_DEV=1 FWMODE=0x2 FWSUBMODE=0x0 FWBR_BUF 0
2021-12-23 09:42:24[   31.706589] ol_target_init() configure Target .
2021-12-23 09:42:24[   31.710991] 
2021-12-23 09:42:24[   31.710991]  Target Version is 1000000
2021-12-23 09:42:24[   31.716108] 
2021-12-23 09:42:24[   31.716108]  Flash Download Address  c0000 
2021-12-23 09:42:24[   31.721784] ol_transfer_bin_file: flash data file defined
2021-12-23 09:42:24[   31.727133] ol_transfer_bin_file[3690] Get Caldata for wifi0.
2021-12-23 09:42:24[   31.732921] __adf_os_fs_read[38]: Fail to Open File /tmp/wifi0.caldata
2021-12-23 09:42:24[   31.739381] ol_transfer_bin_file[3707], Error: Reading /tmp/wifi0.caldata failed.
2021-12-23 09:42:24[   31.746840] ol_ath_download_firmware: Download OTP, flash download ADDRESS 0xc0000
2021-12-23 09:42:24[   31.754384] 
2021-12-23 09:42:24[   31.754384]  Selecting  OTP binary for CHIP Version 0
2021-12-23 09:42:24[   31.778220] ol_transfer_bin_file 3571: downloading file 0, Download data len 4400
2021-12-23 09:42:24[   31.800374] 
2021-12-23 09:42:24[   31.800374]  First OTP send param 10
2021-12-23 09:42:24[   31.805607] ol_ath_download_firmware :First OTP download and Execute is good address:0x1234 return param 0x1
2021-12-23 09:42:24[   31.814420] ol_ath_download_firmware:##Board Id 0 , CHIP Id 0 PRODUCT ID 0
2021-12-23 09:42:24[   31.821369] ol_ath_download_firmware: BOARDDATA DOWNLOAD TO address 0xc0000
2021-12-23 09:42:24[   31.828230] Warning : No board id matched. Selecting default boarddata file
2021-12-23 09:42:24[   31.835165] 
2021-12-23 09:42:24[   31.835165]  wifi0: Selecting board data file name boarddata_0.bin
2021-12-23 09:42:24[   31.842807] ol_transfer_bin_file: Board Data File download to address=0xc0000 file name=IPQ4019/hw.1/boarddata_0.bin
2021-12-23 09:42:24[   31.853650] ol_transfer_bin_file 3571: downloading file 3, Download data len 12064
2021-12-23 09:42:24[   31.861303] Board extended Data download address: 0x0
2021-12-23 09:42:24[   31.885654] ol_ath_download_firmware: Using 0x1234 for the remainder of init
2021-12-23 09:42:24[   31.891702] 
2021-12-23 09:42:24[   31.891702]  Selecting  OTP binary for CHIP Version 0
2021-12-23 09:42:24[   31.898377] ol_transfer_bin_file 3571: downloading file 0, Download data len 4400
2021-12-23 09:42:24[   31.921200] 
2021-12-23 09:42:24[   31.921200]  [Non-Flash] : Ignore Module param
2021-12-23 09:42:24[   31.926161] 
2021-12-23 09:42:24[   31.926161]  Second otp download Param 700 
2021-12-23 09:42:24[   31.935591] ol_ath_download_firmware : Second OTP download and Execute is good, param=0x0 
2021-12-23 09:42:24[   31.942851] 
2021-12-23 09:42:24[   31.942851]  Mission mode: Firmware CHIP Version 0
2021-12-23 09:42:24[   32.070961] ol_swap_seg_alloc: Successfully allocated memory for SWAP size=262144 
2021-12-23 09:42:24[   32.078267] Swap: bytes_left to copy: fw:16; dma_page:101725
2021-12-23 09:42:24[   32.083177] Swap: wrong length read:0
2021-12-23 09:42:24[   32.086815] ol_swap_wlan_memory_expansion: Swap total_bytes copied: 160419 Target address 418a70 
2021-12-23 09:42:24[   32.095810] scn=7f89efb9  target_write_addr=418a70 seg_info=6cc6d7dc 
2021-12-23 09:42:24[   32.102104] ol_transfer_swap_struct:Code swap structure successfully downloaded for bin type =2 
2021-12-23 09:42:24[   32.110858] bin_filename=IPQ4019/hw.1/athwlan.bin swap_filename=/lib/firmware/IPQ4019/hw.1/athwlan.codeswap.bin 
2021-12-23 09:42:24[   32.121100] ol_transfer_bin_file: Downloading firmware file: IPQ4019/hw.1/athwlan.bin
2021-12-23 09:42:24[   32.485372] ol_transfer_bin_file 3571: downloading file 1, Download data len 364996
2021-12-23 09:42:26[   33.710491] ol_target_init() Download FW done. 
2021-12-23 09:42:26[   33.714118] ol_ath_attach() WMI attached. wmi_handle b58d7533 
2021-12-23 09:42:26[   33.719908] htc_wmi_init() HT Create . 04120410
2021-12-23 09:42:26[   33.724351] htc_wmi_init() HIF Claim.
2021-12-23 09:42:26[   33.728065] htc_wmi_init 7823 host_enable 0 nss_nwifi_offload 0
2021-12-23 09:42:26[   33.733904] ol_ath_set_default_tgt_config : AC Minfree buffer allocation through module param (umac.ko)
2021-12-23 09:42:26[   33.743265]  OL_ACBKMinfree : 0
2021-12-23 09:42:26[   33.746396]  OL_ACBEMinfree : 0
2021-12-23 09:42:26[   33.749518]  OL_ACVIMinfree : 0
2021-12-23 09:42:26[   33.752643]  OL_ACVOMinfree : 0
2021-12-23 09:42:26[   33.758640] CE_recv_buf_enqueue 978 Populate last entry 512 for CE 5
2021-12-23 09:42:26[   33.764003] CE_recv_buf_enqueue 987 CE 5 wi 511 dest_ptr 0x9c478040 nbytes 0 recv_ctxt 0xa0254306
2021-12-23 09:42:26[   33.773217] Startup Mode-0 set
2021-12-23 09:42:26[   33.775899] pdev attach   (null) -1 
2021-12-23 09:42:26[   33.779443] 
2021-12-23 09:42:26[   33.779443] <=== cfg max peer id 1056 ====>
2021-12-23 09:42:26[   33.785399] HTC Service:0x0300 ep:1 TX flow control disabled
2021-12-23 09:42:26[   33.791117] htt_peer_map_timer_init Enter pdev 8c5835c2 hrtimer bd97bfdc
2021-12-23 09:42:26[   33.797423] 
2021-12-23 09:42:26[   33.797423]  htt_alloc_peer_map_mem : Alloc Success : host q vaddr 4ebb47af paddr 9d214000
2021-12-23 09:42:26[   33.807133] 
2021-12-23 09:42:26[   33.807133]  htt_alloc_peer_map_mem : Flush Interval Configured to 256 pkts
2021-12-23 09:42:26[   33.818338] CE_pkt_dl_len_set CE 4 Pkt download length 64
2021-12-23 09:42:26[   33.822911] ol_txrx_pdev_attach: 2500 tx desc's allocated ; range starts from f5dc50f8
2021-12-23 09:42:26[   33.831729] HTC Service:0x0100 ep:2 TX flow control disabled
2021-12-23 09:42:26[   33.837432] wmi_service_ready_event_rx:  WMI UNIFIED SERVICE READY event 
2021-12-23 09:42:26[   33.843295] Firmware_Build_Number:92 
2021-12-23 09:42:26[   33.846869] 
2021-12-23 09:42:26[   33.846869]  No WMI 11AC service event received
2021-12-23 09:42:26[   33.852840] RES CFG Support wmi_service_bitmap 9678 
2021-12-23 09:42:26[   33.857800] 
2021-12-23 09:42:26 Sending Ext resource cfg: HOST PLATFORM as 0 and fw_feature_bitmap as 50 to TGT 
2021-12-23 09:42:26[   33.866351] ol_ath_service_ready_event: tt_support: 0
2021-12-23 09:42:26[   33.871507] ol_ath_service_ready_event: periodic_chan_stats: 1
2021-12-23 09:42:26[   33.877325] ol_ath_service_ready_event: sw_cal_support_check_flag: 1
2021-12-23 09:42:26[   33.883660] Peer Caching Enabled ; num_peers = 515, num_active_peers = 37 num_tids = 74, num_vdevs = 2
2021-12-23 09:42:26[   33.893273] read /tmp/rd_pair_mapping.bin rdm_table.data count:93 match rdm_table.count:93
2021-12-23 09:42:26[   33.901366] read /tmp/ctrycodetord.bin rdm_table.data count:92 match rdm_table.count:92
2021-12-23 09:42:26[   33.909392] read /tmp/reg_domain.bin rdm_table.data count:102 match rdm_table.count:102
2021-12-23 09:42:26[   33.917312] read /tmp/rd_freqband.bin rdm_table.data count:188 match rdm_table.count:188
2021-12-23 09:42:26[   33.925306] init ol_regdmn_Rdt.regDomainPairsCt:93 ol_regdmn_Rdt.allCountriesCt:92 ol_regdmn_Rdt.regDomainsCt:102 regDmn5GhzFreqCt:188
2021-12-23 09:42:26[   33.937318] after check ol_regdmn_Rdt.regDomainPairsCt:93 ol_regdmn_Rdt.allCountriesCt:92 ol_regdmn_Rdt.regDomainsCt:102 regDmn5GhzFreqCt:188
2021-12-23 09:42:26[   33.949983] ol_regdmn_Rdt.allCountries[0].isoName:AR ol_regdmn_Rdt.allCountries[0].name:ARGENTINA, countrycode_import:1
2021-12-23 09:42:26[   33.960751] idx 1 req 2  num_units 1 num_unit_info 12 unit size 256 actual units 38 
2021-12-23 09:42:26[   33.968508] ol_ath_alloc_host_mem_chunk req_id 2 idx 0 num_units 38 unit_len 256,
2021-12-23 09:42:26[   33.975943] idx 2 req 3  num_units 1 num_unit_info 12 unit size 1024 actual units 38 
2021-12-23 09:42:26[   33.983809] ol_ath_alloc_host_mem_chunk req_id 3 idx 1 num_units 38 unit_len 1024,
2021-12-23 09:42:26[   33.991306] idx 3 req 4  num_units 1 num_unit_info 12 unit size 4096 actual units 38 
2021-12-23 09:42:26[   33.999249] ol_ath_alloc_host_mem_chunk req_id 4 idx 2 num_units 38 unit_len 4096,
2021-12-23 09:42:26[   34.006670] idx 0 req 1  num_units 0 num_unit_info 2 unit size 744 actual units 516 
2021-12-23 09:42:26[   34.014685] ol_ath_alloc_host_mem_chunk req_id 1 idx 3 num_units 516 unit_len 744,
2021-12-23 09:42:26[   34.021947] idx 4 req 6  num_units 35 num_unit_info 0 unit size 3072 actual units 35 
2021-12-23 09:42:26[   34.029860] ol_ath_alloc_host_mem_chunk req_id 6 idx 4 num_units 35 unit_len 3072,
2021-12-23 09:42:26[   34.037312] idx 5 req 7  num_units 1 num_unit_info 0 unit size 6144 actual units 1 
2021-12-23 09:42:26[   34.044967] ol_ath_alloc_host_mem_chunk req_id 7 idx 5 num_units 1 unit_len 6144,
2021-12-23 09:42:26[   34.052417] idx 6 req 5  num_units 0 num_unit_info 2 unit size 2068 actual units 516 
2021-12-23 09:42:26[   34.061172] ol_ath_alloc_host_mem_chunk req_id 5 idx 6 num_units 516 unit_len 2068,
2021-12-23 09:42:26[   34.067869] chunk 0 len 9728 requested ,ptr  0x9c1e4000 
2021-12-23 09:42:26[   34.073151] chunk 1 len 38912 requested ,ptr  0x9c1f0000 
2021-12-23 09:42:26[   34.078540] chunk 2 len 155648 requested ,ptr  0x9c200000 
2021-12-23 09:42:26[   34.084009] chunk 3 len 383904 requested ,ptr  0x9c280000 
2021-12-23 09:42:26[   34.089471] chunk 4 len 107520 requested ,ptr  0x9c240000 
2021-12-23 09:42:26[   34.094947] chunk 5 len 6144 requested ,ptr  0x9c1e8000 
2021-12-23 09:42:26[   34.100242] chunk 6 len 1067088 requested ,ptr  0x9bc00000 
2021-12-23 09:42:26[   34.144942] wmi_ready_event_rx:  WMI UNIFIED READY event 
2021-12-23 09:42:26[   34.149349] ol_ath_connect_htc() WMI is ready
2021-12-23 09:42:26[   34.153725] htt_h2t_frag_desc_bank_cfg_msg - HTT_H2T_MSG_TYPE_FRAG_DESC_BANK_CFG sent to FW for radio ID = 0
2021-12-23 09:42:26[   34.168525] ol_ath_attach() connect HTC. 
2021-12-23 09:42:26[   34.171534] target uses HTT version 2.2; host uses 2.2
2021-12-23 09:42:26[   34.176644] bypasswmi : 0
2021-12-23 09:42:26[   34.179252] ol_regdmn_start: reg-domain param: regdmn=0, countryName=, wModeSelect=FFFFFFFF, netBand=FFFFFFFF, extendedChanMode=0.
2021-12-23 09:42:26[   34.190968] isEepromValid: invalid regulatory domain/country code 0x327e
2021-12-23 09:42:26[   34.197648] ol_regdmn_init_channels: invalid EEPROM contents
2021-12-23 09:42:26[   34.203287] ol_regdmn_getchannels: unable to collect channel list from regdomain; regdomain likely 12926 country code 0
2021-12-23 09:42:26[   34.214057] ol_regdmn_start[430]: Failed to get channel information! error[-22]
2021-12-23 09:42:26[   34.221342] ol_regdmn_start failed status -22
2021-12-23 09:42:26[   34.225687]  ol_ath_attach error status -22
2021-12-23 09:42:26[   34.230161] ol_tx_me_exit: Already Disabled !!!
2021-12-23 09:42:26[   34.238587] CE_fini 2784 Cleaning up HTT Tx CE
2021-12-23 09:42:26[   34.242051] CE_fini Cleaning up HTT MSG CE(5)
2021-12-23 09:42:26[   34.247399] 
2021-12-23 09:42:26[   34.247399] __ol_ath_attach() scn 7f89efb9 Detaching Codeswap
2021-12-23 09:42:26[   34.278808] Reset complete for wifi core id : 0
2021-12-23 09:42:26[   34.282520] ath10k_ahb: probe of a000000.wifi failed with error -5
2021-12-23 09:42:26[   34.288571] ol_ath_ahb_probe
2021-12-23 09:42:26[   34.291415] ol_ath_ahb_probe: io resource start: 0xa800000, mem=0xe2400000
2021-12-23 09:42:26[   34.298217]  *********** Dakota *************
2021-12-23 09:42:26[   34.303047] 
2021-12-23 09:42:26[   34.303047] __ol_ath_attach() Allocated scn 7f89efb9
2021-12-23 09:42:26[   34.308994] ol_ath_ahb_configure: MSI addr: 0b006040, MSI base: 00000050
2021-12-23 09:42:26[   34.315820] ath10k_ahb a800000.wifi: ath DEBUG: sc=0xceee22c3
2021-12-23 09:42:26[   34.321395] 
2021-12-23 09:42:26[   34.321395]  ol_ath_ahb_configure : num_desired MSI set to 0
2021-12-23 09:42:26[   34.328593] 
2021-12-23 09:42:26[   34.328593]  Using Legacy Interrupt
2021-12-23 09:42:26[   34.333453] 
2021-12-23 09:42:26[   34.333453]  Waiting for target init
2021-12-23 09:42:26[   34.338490] 
2021-12-23 09:42:26[   34.338490]  Done waiting
2021-12-23 09:42:26[   34.342611] nss is not enabled on this platform
2021-12-23 09:42:26[   34.347087] nss register id -1 offload mode enabled = 0 nss config 0 Target Type b host radio id 1 
2021-12-23 09:42:26[   34.362738] 
2021-12-23 09:42:26[   34.362738]  CLOCK PLL skipped 
2021-12-23 09:42:26[   34.367460] __ol_ath_attach: dev name wifi1
2021-12-23 09:42:26[   34.370652] ol_ath_attach interface_id 1
2021-12-23 09:42:26[   34.374796] ol_target_init() BMI inited.
2021-12-23 09:42:26[   34.378549] ol_target_init() BMI Get Target Info.
2021-12-23 09:42:26[   34.383131] Chip id: 0xb, chip version: 0x1000000
2021-12-23 09:42:26[   34.387816] 
2021-12-23 09:42:26[   34.387816]  CE WAR Disabled
2021-12-23 09:42:26[   34.392289] NUM_DEV=1 FWMODE=0x2 FWSUBMODE=0x0 FWBR_BUF 0
2021-12-23 09:42:26[   34.397727] ol_target_init() configure Target .
2021-12-23 09:42:26[   34.402151] 
2021-12-23 09:42:26[   34.402151]  Target Version is 1000000
2021-12-23 09:42:26[   34.407266] 
2021-12-23 09:42:26[   34.407266]  Flash Download Address  c0000 
2021-12-23 09:42:26[   34.412897] ol_transfer_bin_file: flash data file defined
2021-12-23 09:42:26[   34.418287] ol_transfer_bin_file[3690] Get Caldata for wifi1.
2021-12-23 09:42:26[   34.424070] __adf_os_fs_read[42], Open File /tmp/wifi1.caldata SUCCESS!!
2021-12-23 09:42:26[   34.430702] file system magic:16914836 
2021-12-23 09:42:26[   34.434514] super blocksize:4096 
2021-12-23 09:42:26[   34.437814] inode 3116 
2021-12-23 09:42:26[   34.440242] file size:12064 
2021-12-23 09:42:26[   34.443144] ol_transfer_bin_file 3751: Download Flash data len 12064
2021-12-23 09:42:26[   34.449811] Board extended Data download address: 0x0
2021-12-23 09:42:26[   34.474059] 
2021-12-23 09:42:26[   34.474059]  Board data initialized
2021-12-23 09:42:26[   34.478075] ol_ath_download_firmware: Download OTP, flash download ADDRESS 0xc0000
2021-12-23 09:42:26[   34.485572] 
2021-12-23 09:42:26[   34.485572]  Selecting  OTP binary for CHIP Version 0
2021-12-23 09:42:26[   34.492243] ol_transfer_bin_file 3571: downloading file 0, Download data len 4400
2021-12-23 09:42:26[   34.515153] 
2021-12-23 09:42:26[   34.515153]  First OTP send param 8000
2021-12-23 09:42:26[   34.524134] ol_ath_download_firmware :First OTP download and Execute is good address:0x1234 return param 0x5400
2021-12-23 09:42:26[   34.533206] ol_ath_download_firmware:##Board Id 21 , CHIP Id 0 PRODUCT ID 0
2021-12-23 09:42:26[   34.540300] ol_ath_download_firmware: BOARDDATA DOWNLOAD TO address 0xc0000
2021-12-23 09:42:26[   34.547112] 
2021-12-23 09:42:26[   34.547112]  wifi1: Selecting board data file name boardData_1_0_IPQ4019_DK04_5G.bin
2021-12-23 09:42:26[   34.556303] ol_transfer_bin_file: Board Data File download to address=0xc0000 file name=IPQ4019/hw.1/boardData_1_0_IPQ4019_DK04_5G.bin
2021-12-23 09:42:26[   34.568615] ol_transfer_bin_file 3571: downloading file 3, Download data len 12064
2021-12-23 09:42:26[   34.576288] Board extended Data download address: 0x0
2021-12-23 09:42:26[   34.600699] ol_ath_download_firmware: Using 0x1234 for the remainder of init
2021-12-23 09:42:26[   34.606737] 
2021-12-23 09:42:26[   34.606737]  Selecting  OTP binary for CHIP Version 0
2021-12-23 09:42:26[   34.613389] ol_transfer_bin_file 3571: downloading file 0, Download data len 4400
2021-12-23 09:42:27[   34.636216] 
2021-12-23 09:42:27[   34.636216]  [Flash] : Ignore Module param
2021-12-23 09:42:27[   34.640790] 
2021-12-23 09:42:27[   34.640790]  Second otp download Param 10000 
2021-12-23 09:42:27[   34.654419] ol_ath_download_firmware : Second OTP download and Execute is good, param=0x0 
2021-12-23 09:42:27[   34.661672] 
2021-12-23 09:42:27[   34.661672]  Mission mode: Firmware CHIP Version 0
2021-12-23 09:42:27[   34.668556] ol_swap_seg_alloc: Successfully allocated memory for SWAP size=262144 
2021-12-23 09:42:27[   34.676079] Swap: bytes_left to copy: fw:16; dma_page:101725
2021-12-23 09:42:27[   34.681126] Swap: wrong length read:0
2021-12-23 09:42:27[   34.684784] ol_swap_wlan_memory_expansion: Swap total_bytes copied: 160419 Target address 418a70 
2021-12-23 09:42:27[   34.693733] scn=7f89efb9  target_write_addr=418a70 seg_info=3caabf42 
2021-12-23 09:42:27[   34.700042] ol_transfer_swap_struct:Code swap structure successfully downloaded for bin type =2 
2021-12-23 09:42:27[   34.708846] bin_filename=IPQ4019/hw.1/athwlan.bin swap_filename=/lib/firmware/IPQ4019/hw.1/athwlan.codeswap.bin 
2021-12-23 09:42:27[   34.719000] ol_transfer_bin_file: Downloading firmware file: IPQ4019/hw.1/athwlan.bin
2021-12-23 09:42:27[   34.727620] ol_transfer_bin_file 3571: downloading file 1, Download data len 364996
2021-12-23 09:42:28[   35.952966] ol_target_init() Download FW done. 
2021-12-23 09:42:28[   35.956586] ol_ath_attach() WMI attached. wmi_handle 7ca5142d 
2021-12-23 09:42:28[   35.962369] htc_wmi_init() HT Create . 04120410
2021-12-23 09:42:28[   35.966825] htc_wmi_init() HIF Claim.
2021-12-23 09:42:28[   35.970626] htc_wmi_init 7823 host_enable 0 nss_nwifi_offload 0
2021-12-23 09:42:28[   35.976384] ol_ath_set_default_tgt_config : AC Minfree buffer allocation through module param (umac.ko)
2021-12-23 09:42:28[   35.985743]  OL_ACBKMinfree : 0
2021-12-23 09:42:28[   35.988867]  OL_ACBEMinfree : 0
2021-12-23 09:42:28[   35.991992]  OL_ACVIMinfree : 0
2021-12-23 09:42:28[   35.995116]  OL_ACVOMinfree : 0
2021-12-23 09:42:28[   36.000511] CE_recv_buf_enqueue 978 Populate last entry 512 for CE 5
2021-12-23 09:42:28[   36.005875] CE_recv_buf_enqueue 987 CE 5 wi 511 dest_ptr 0x9c73c040 nbytes 0 recv_ctxt 0x4c09b2d1
2021-12-23 09:42:28[   36.015115] Startup Mode-0 set
2021-12-23 09:42:28[   36.017785] pdev attach   (null) -1 
2021-12-23 09:42:28[   36.021312] 
2021-12-23 09:42:28[   36.021312] <=== cfg max peer id 1056 ====>
2021-12-23 09:42:28[   36.027265] HTC Service:0x0300 ep:1 TX flow control disabled
2021-12-23 09:42:28[   36.032953] htt_peer_map_timer_init Enter pdev fb9c4a77 hrtimer 5124167d
2021-12-23 09:42:28[   36.039290] 
2021-12-23 09:42:28[   36.039290]  htt_alloc_peer_map_mem : Alloc Success : host q vaddr 94b3e989 paddr 9d216000
2021-12-23 09:42:28[   36.049003] 
2021-12-23 09:42:28[   36.049003]  htt_alloc_peer_map_mem : Flush Interval Configured to 256 pkts
2021-12-23 09:42:28[   36.060250] CE_pkt_dl_len_set CE 4 Pkt download length 64
2021-12-23 09:42:28[   36.064829] ol_txrx_pdev_attach: 2500 tx desc's allocated ; range starts from 80dc48f9
2021-12-23 09:42:28[   36.073735] HTC Service:0x0100 ep:2 TX flow control disabled
2021-12-23 09:42:28[   36.079483] wmi_service_ready_event_rx:  WMI UNIFIED SERVICE READY event 
2021-12-23 09:42:28[   36.085316] Firmware_Build_Number:92 
2021-12-23 09:42:28[   36.088919] num_rf_chain:0x00000002  ht_cap_info:0x0000085b  vht_cap_info:0x339959b2  vht_supp_mcs:0x0000fffa
2021-12-23 09:42:28[   36.098799] RES CFG Support wmi_service_bitmap 9778 
2021-12-23 09:42:28[   36.103747] 
2021-12-23 09:42:28 Sending Ext resource cfg: HOST PLATFORM as 0 and fw_feature_bitmap as 50 to TGT 
2021-12-23 09:42:28[   36.112300] ol_ath_service_ready_event: tt_support: 1
2021-12-23 09:42:28[   36.117462] ol_ath_service_ready_event: periodic_chan_stats: 1
2021-12-23 09:42:28[   36.123281] ol_ath_service_ready_event: sw_cal_support_check_flag: 1
2021-12-23 09:42:28[   36.129612] Peer Caching Enabled ; num_peers = 515, num_active_peers = 37 num_tids = 74, num_vdevs = 2
2021-12-23 09:42:28[   36.138957] after check ol_regdmn_Rdt.regDomainPairsCt:93 ol_regdmn_Rdt.allCountriesCt:92 ol_regdmn_Rdt.regDomainsCt:102 regDmn5GhzFreqCt:188
2021-12-23 09:42:28[   36.151578] ol_regdmn_Rdt.allCountries[0].isoName:AR ol_regdmn_Rdt.allCountries[0].name:ARGENTINA, countrycode_import:1
2021-12-23 09:42:28[   36.162345] idx 1 req 2  num_units 1 num_unit_info 12 unit size 256 actual units 38 
2021-12-23 09:42:28[   36.170116] ol_ath_alloc_host_mem_chunk req_id 2 idx 0 num_units 38 unit_len 256,
2021-12-23 09:42:28[   36.177534] idx 2 req 3  num_units 1 num_unit_info 12 unit size 1024 actual units 38 
2021-12-23 09:42:28[   36.185392] ol_ath_alloc_host_mem_chunk req_id 3 idx 1 num_units 38 unit_len 1024,
2021-12-23 09:42:28[   36.192907] idx 3 req 4  num_units 1 num_unit_info 12 unit size 4096 actual units 38 
2021-12-23 09:42:28[   36.200870] ol_ath_alloc_host_mem_chunk req_id 4 idx 2 num_units 38 unit_len 4096,
2021-12-23 09:42:28[   36.208260] idx 0 req 1  num_units 0 num_unit_info 2 unit size 744 actual units 516 
2021-12-23 09:42:28[   36.216297] ol_ath_alloc_host_mem_chunk req_id 1 idx 3 num_units 516 unit_len 744,
2021-12-23 09:42:28[   36.223541] idx 4 req 6  num_units 35 num_unit_info 0 unit size 3072 actual units 35 
2021-12-23 09:42:28[   36.231439] ol_ath_alloc_host_mem_chunk req_id 6 idx 4 num_units 35 unit_len 3072,
2021-12-23 09:42:28[   36.238908] idx 5 req 7  num_units 1 num_unit_info 0 unit size 6144 actual units 1 
2021-12-23 09:42:28[   36.246636] ol_ath_alloc_host_mem_chunk req_id 7 idx 5 num_units 1 unit_len 6144,
2021-12-23 09:42:28[   36.254016] idx 6 req 5  num_units 0 num_unit_info 2 unit size 2068 actual units 516 
2021-12-23 09:42:28[   36.262754] ol_ath_alloc_host_mem_chunk req_id 5 idx 6 num_units 516 unit_len 2068,
2021-12-23 09:42:28[   36.269456] chunk 0 len 9728 requested ,ptr  0x9c174000 
2021-12-23 09:42:28[   36.274767] chunk 1 len 38912 requested ,ptr  0x9b8e0000 
2021-12-23 09:42:28[   36.280137] chunk 2 len 155648 requested ,ptr  0x9b900000 
2021-12-23 09:42:28[   36.285599] chunk 3 len 383904 requested ,ptr  0x9b980000 
2021-12-23 09:42:28[   36.291075] chunk 4 len 107520 requested ,ptr  0x9bd80000 
2021-12-23 09:42:28[   36.296543] chunk 5 len 6144 requested ,ptr  0x9bd62000 
2021-12-23 09:42:28[   36.301837] chunk 6 len 1067088 requested ,ptr  0x9ba00000 
2021-12-23 09:42:29[   36.349299] wmi_ready_event_rx:  WMI UNIFIED READY event 
2021-12-23 09:42:29[   36.353701] ol_ath_connect_htc() WMI is ready
2021-12-23 09:42:29[   36.358062] htt_h2t_frag_desc_bank_cfg_msg - HTT_H2T_MSG_TYPE_FRAG_DESC_BANK_CFG sent to FW for radio ID = 1
2021-12-23 09:42:29[   36.372878] ol_ath_attach() connect HTC. 
2021-12-23 09:42:29[   36.375889] target uses HTT version 2.2; host uses 2.2
2021-12-23 09:42:29[   36.380992] bypasswmi : 0
2021-12-23 09:42:29[   36.383603] ol_regdmn_start: reg-domain param: regdmn=0, countryName=, wModeSelect=FFFFFFFF, netBand=FFFFFFFF, extendedChanMode=0.
2021-12-23 09:42:29[   36.395353] ol_regdmn_init_channels: !avail mode 0x21001 (0x2) flags 0x2150
2021-12-23 09:42:29[   36.402309] ol_regdmn_init_channels: !avail mode 0x21001 (0x4) flags 0xa0
2021-12-23 09:42:29[   36.409037] ol_regdmn_init_channels: !avail mode 0x21001 (0x8) flags 0xc0
2021-12-23 09:42:29[   36.415807] ol_regdmn_init_channels: !avail mode 0x21001 (0x20) flags 0xd0
2021-12-23 09:42:29[   36.422663] ol_regdmn_init_channels: !avail mode 0x21001 (0x40) flags 0x150
2021-12-23 09:42:29[   36.429608] ol_regdmn_init_channels: !avail mode 0x21001 (0x800) flags 0x10080
2021-12-23 09:42:29[   36.436812] ol_regdmn_init_channels: !avail mode 0x21001 (0x2000) flags 0x20080
2021-12-23 09:42:29[   36.444104] ol_regdmn_init_channels: !avail mode 0x21001 (0x4000) flags 0x40080
2021-12-23 09:42:29[   36.451425] ol_regdmn_init_channels: !avail mode 0x21001 (0x8000) flags 0x20100
2021-12-23 09:42:29[   36.458683] ol_regdmn_init_channels: !avail mode 0x21001 (0x10000) flags 0x40100
2021-12-23 09:42:29[   36.466096] ol_regdmn_init_channels: !avail mode 0x21001 (0x40000) flags 0x200100
2021-12-23 09:42:29[   36.473534] ol_regdmn_init_channels: !avail mode 0x21001 (0x80000) flags 0x400100
2021-12-23 09:42:29[   36.480997] ol_regdmn_init_channels: !avail mode 0x21001 (0x100000) flags 0x800100
2021-12-23 09:42:29[   36.488544] ol_regdmn_init_channels: !avail mode 0x21001 (0x200000) flags 0x4000100
2021-12-23 09:42:29[   36.496186] ol_regdmn_init_channels: !avail mode 0x21001 (0x400000) flags 0x8000100
2021-12-23 09:42:29[   36.503982] OL Resmgr Init-ed
2021-12-23 09:42:29[   36.507023] ieee80211_bsteering_attach: Band steering initialized
2021-12-23 09:42:29[   36.512941] SPECTRAL : get_capability not registered
2021-12-23 09:42:29[   36.517798] HAL_CAP_PHYDIAG : Capable
2021-12-23 09:42:29[   36.521449] SPECTRAL : Need to fix the capablity check for RADAR (spectral_attach : 237)
2021-12-23 09:42:29[   36.529520] SPECTRAL : get_capability not registered
2021-12-23 09:42:29[   36.534465] HAL_CAP_RADAR   : Capable
2021-12-23 09:42:29[   36.538108] SPECTRAL : Need to fix the capablity check for SPECTRAL
2021-12-23 09:42:29[   36.538108]  (spectral_attach : 242)
2021-12-23 09:42:29[   36.547916] SPECTRAL : get_capability not registered
2021-12-23 09:42:29[   36.552866] HAL_CAP_SPECTRAL_SCAN : Capable
2021-12-23 09:42:29[   36.557033] SPECTRAL : get_tsf64 not registered
2021-12-23 09:42:29[   36.561572] spectral_init_netlink 78 NULL SKB
2021-12-23 09:42:29[   36.565893] Green-AP : Green-AP : Attached
2021-12-23 09:42:29[   36.565893] 
2021-12-23 09:42:29[   36.571445] Green-AP : Attached
2021-12-23 09:42:29[   36.574568] rate power table override is only supported for AR98XX
2021-12-23 09:42:29[   36.580833] 
2021-12-23 09:42:29[   36.580833]  the 1st socket creation has failed
2021-12-23 09:42:29[   36.586761] ieee80211com_init_netlink: 3491: Wifipos 2nd Netlink socket created:5b81b3f9
2021-12-23 09:42:29[   36.594852] ol_if_dfs_attach: called; ptr=4d113b52, radar_info=674ce2d6
2021-12-23 09:42:29[   36.601402] dfs_attach: event log enabled by default
2021-12-23 09:42:29[   36.607311] ipq4019_wifi_led_init: Wifi LED init failed.. Couldn't get led gpio/led source
2021-12-23 09:42:29[   36.614692] ol_ath_attach() UMAC attach . 
2021-12-23 09:42:29[   36.618771] 
2021-12-23 09:42:29[   36.618771]  BURSTING enabled by default
2021-12-23 09:42:29[   36.624184] ol_ath_attach: Set global_ic[1] ..ptr:a8dbfe69
2021-12-23 09:42:29[   36.629657] osif_wrap_attach:441 osif wrap attached
2021-12-23 09:42:29[   36.634496] osif_wrap_devt_init:402 osif wrap dev table init done
2021-12-23 09:42:29[   36.640552]  Wrap Attached: Wrap_com =89842f7c ic->ic_wrap_com=89842f7c &wrap_com->wc_devt=89842f7c 
2021-12-23 09:42:29[   36.649660] __ol_ath_attach: needed_headroom reservation 44
2021-12-23 09:42:29[   36.656180] ol_ath_thermal_mitigation_attach: ++
2021-12-23 09:42:29[   36.659953] ol_ath_thermal_mitigation_attach: --
2021-12-23 09:42:29[   36.664629] ath_ol_pci:  (Atheros/multi-bss)
2021-12-23 09:42:29[   36.701033] ath_hal: 0.9.17.1 (AR9380, WRITE_EEPROM, 11D)
2021-12-23 09:42:29[   36.719043] ath_rate_atheros: Copyright (c) 2001-2005 Atheros Communications, Inc, All Rights Reserved
2021-12-23 09:42:29[   36.776967] ath_dev: Copyright (c) 2001-2007 Atheros Communications, Inc, All Rights Reserved
2021-12-23 09:42:29[   36.818578] ath_da_pci:  (Atheros/multi-bss)
2021-12-23 09:42:29[   36.833837]  pktlog_init: Initializing Pktlog for AR900B, pktlog_hdr_size = 16
2021-12-23 09:42:29No Direct-Attach chipsets found.
2021-12-23 09:42:29[   36.877678] Removing athdebug proc file
2021-12-23 09:42:29[   36.880561] ath_dev: driver unloaded
2021-12-23 09:42:29[   36.909055] ath_rate_atheros: driver unloaded
2021-12-23 09:42:29[   36.927719] ath_hal: driver unloaded
2021-12-23 09:42:29[   36.973448] [wifi1] [45831] ratectrl_dbgid_wal_rcquery [rix1 6365 rix2 20 rix3 195 proberix 3 ppduflag 0x3] 
2021-12-23 09:42:29[   36.982294] [wifi1] [45841] ratectrl_dbgid_wal_rcquery [rix1 6365 rix2 20 rix3 195 proberix 3 ppduflag 0x3] 
2021-12-23 09:42:29[   36.992088] [wifi1] [45851] ratectrl_dbgid_wal_rcquery [rix1 6365 rix2 20 rix3 195 proberix 3 ppduflag 0x3] 
2021-12-23 09:42:29[   37.001901] [wifi1] [45860] ratectrl_dbgid_wal_rcquery [rix1 6365 rix2 20 rix3 195 proberix 3 ppduflag 0x3] 
2021-12-23 09:42:29[   37.011782] [wifi1] [45867] ratectrl_dbgid_wal_rcquery [rix1 6365 rix2 20 rix3 195 proberix 3 ppduflag 0x3] 
2021-12-23 09:42:29[   37.021573] [wifi1] [45868] WAL_DBGID_TX_AC_BUFFER_SET ( 0x3, 0x1e, 0x94c, 0x94c, 0x0 )
2021-12-23 09:42:29[   37.029463] [wifi1] [45868] WAL_DBGID_TX_AC_BUFFER_SET ( 0x12, 0x1e, 0x94c, 0x94c, 0x0 )
2021-12-23 09:42:29[   37.037567] [wifi1] [45868] WAL_DBGID_TX_AC_BUFFER_SET ( 0x45, 0x1e, 0x94c, 0x94c, 0x0 )
2021-12-23 09:42:29[   37.045635] [wifi1] [45868] WAL_DBGID_TX_AC_BUFFER_SET ( 0x67, 0x1e, 0x94c, 0x94c, 0x0 )
2021-12-23 09:42:29[   37.053708] [wifi1] [46030] ratectrl_dbgid_wal_rcquery [rix1 6365 rix2 20 rix3 195 proberix 3 ppduflag 0x3] 
2021-12-23 09:42:41qcawifi disable radio wifi0
2021-12-23 09:42:41qcawifi disable radio wifi1
2021-12-23 09:42:42[   50.406720] device eth0.3998 entered promiscuous mode
2021-12-23 09:42:42[   50.410796] device eth0 entered promiscuous mode
2021-12-23 09:42:42[   50.444354] device eth1.3998 entered promiscuous mode
2021-12-23 09:42:42[   50.448478] device eth1 entered promiscuous mode
2021-12-23 09:42:44qcawifi disable radio wifi0
2021-12-23 09:42:44qcawifi disable radio wifi1
2021-12-23 09:42:50qcawifi disable radio wifi0
2021-12-23 09:42:50qcawifi disable radio wifi1
2021-12-23 09:42:50qcawifi: enable radio wifi0
2021-12-23 09:42:50qcawifi: enable radio wifi1
2021-12-23 09:42:50[   58.492549] isCountryCodeValid: EEPROM regdomain 0x0
2021-12-23 09:42:50[   58.496598] isCountryCodeValid 637: country_regdmn:0x1f7, rd:0x0
2021-12-23 09:42:50[   58.502599] ol_regdmn_init_channels: !avail mode 0x1f9001 (0x2) flags 0x2150
2021-12-23 09:42:50[   58.509633] ol_regdmn_init_channels: !avail mode 0x1f9001 (0x4) flags 0xa0
2021-12-23 09:42:50[   58.516449] ol_regdmn_init_channels: !avail mode 0x1f9001 (0x8) flags 0xc0
2021-12-23 09:42:50[   58.523320] ol_regdmn_init_channels: !avail mode 0x1f9001 (0x20) flags 0xd0
2021-12-23 09:42:50[   58.530228] ol_regdmn_init_channels: !avail mode 0x1f9001 (0x40) flags 0x150
2021-12-23 09:42:50[   58.537261] ol_regdmn_init_channels: !avail mode 0x1f9001 (0x800) flags 0x10080
2021-12-23 09:42:50[   58.544521] ol_regdmn_init_channels: !avail mode 0x1f9001 (0x2000) flags 0x20080
2021-12-23 09:42:50[   58.551957] ol_regdmn_init_channels: !avail mode 0x1f9001 (0x4000) flags 0x40080
2021-12-23 09:42:50[   58.559470] ol_regdmn_init_channels: !avail mode 0x1f9001 (0x200000) flags 0x4000100
2021-12-23 09:42:50[   58.567020] ol_regdmn_init_channels: !avail mode 0x1f9001 (0x400000) flags 0x8000100
2021-12-23 09:42:50[   58.575013] [Country Code] [ieee80211_update_channellist 1339] ic_curchan:abd4fb35
2021-12-23 09:42:50[   58.600597] Resetting spectral chainmask to Rx chainmask
2021-12-23 09:42:51[   58.692205] FIRMWARE:pdev_reset mode=1 
2021-12-23 09:42:51[   58.702827] set TXBF_SND_PERIOD: value 100 wmi_status 0
2021-12-23 09:42:51[   58.761187] wmi_dbg_cfg_send: mod[0]00000000 dbgcfg50000000 cfgvalid[0] 00000000 cfgvalid[1] 00000000
2021-12-23 09:42:51[   58.850670] ol_ath_set_config_param: OL_ATH_PARAM_TDMA_EN cannot be set in NON AP OP mode. dev=wifi1
2021-12-23 09:42:51[   58.866443] ol_ath_set_config_param: OL_ATH_PARAM_TDMA_WIN_SZ cannot be set in NON AP OP mode.
2021-12-23 09:42:51[   58.881748] ol_ath_set_config_param: OL_ATH_PARAM_TDMA_PRI cannot be set in NON STA OP mode.
2021-12-23 09:42:51[   58.905134] FIRMWARE:pdev_reset mode=4 
2021-12-23 09:42:51[   58.962605] [wifi1] [68644] ratectrl_dbgid_wal_rcquery [rix1 6365 rix2 20 rix3 195 proberix 3 ppduflag 0x3] 
2021-12-23 09:42:51[   58.971413] [wifi1] [68766] ratectrl_dbgid_wal_rcquery [rix1 6365 rix2 20 rix3 195 proberix 3 ppduflag 0x3] 
2021-12-23 09:42:51[   58.981256] [wifi1] [68783] AUTOACK_DBGID_SETACK ( 0x40, 0x9, 0x333 )
2021-12-23 09:42:51[   58.987632] [wifi1] [68826] AUTOACK_DBGID_SETACK ( 0xf8, 0x9, 0x333 )
2021-12-23 09:42:52[   59.979799] FIRMWARE:pdev_reset mode=1 
2021-12-23 09:42:53[   61.015171] FIRMWARE:pdev_reset mode=4 
2021-12-23 09:42:59qcawifi disable radio wifi0
2021-12-23 09:42:59qcawifi disable radio wifi1
2021-12-23 09:42:59qcawifi disable radio wifi0
2021-12-23 09:42:59qcawifi disable radio wifi1
2021-12-23 09:43:00[   67.666553] Suspending Target - with disable_intr set :wifi1 (sc ceee22c3) scn=7f89efb9
2021-12-23 09:43:00[   67.673765] waiting for target paused event from target :wifi1 (sc ceee22c3)
2021-12-23 09:43:00[   67.680700] ol_ath_thermal_mitigation_detach: ++
2021-12-23 09:43:00[   67.685434] ol_ath_thermal_mitigation_detach: --
2021-12-23 09:43:00[   67.705566] Green-AP : Detached
2021-12-23 09:43:00[   67.708131] [debug-kzhou] [ol_ath_detach 8583] free follow_check timer
2021-12-23 09:43:00[   67.714353] ol_ath_detach: remove global_ic[0]..gloabl_ic ptr:a8dbfe69
2021-12-23 09:43:00[   67.720805] ol_ath_detach: Peer Count 516 
2021-12-23 09:43:00[   67.750116] Reset complete for wifi core id : 1
2021-12-23 09:43:00[   67.927329] [perf_timer_snd_stop 118] 0
2021-12-23 09:43:00[   67.930222] pfm_control_main_module exit success
2021-12-23 09:43:00[   67.974328] statistic_pfm module exit ok
2021-12-23 09:43:00[   68.155571] kernel_send_sock init success
2021-12-23 09:43:00[   68.159060] kernel_listen_sock init success
2021-12-23 09:43:00[   68.202883] pfm_control_main_module init success
2021-12-23 09:43:00[   68.245657] statistic_pfm module init ok
2021-12-23 09:43:04[   71.792880] ol_ath_ahb_probe
2021-12-23 09:43:04[   71.795012] ol_ath_ahb_probe: io resource start: 0xa000000, mem=0xe3300000
2021-12-23 09:43:04[   71.802231] 
2021-12-23 09:43:04[   71.802231] __ol_ath_attach() Allocated scn 74c37461
2021-12-23 09:43:04[   71.808062] ol_ath_ahb_configure: MSI addr: 0b006040, MSI base: 00000040
2021-12-23 09:43:04[   71.815016] 
2021-12-23 09:43:04[   71.815016]  ol_ath_ahb_configure : num_desired MSI set to 0
2021-12-23 09:43:04[   71.821909] 
2021-12-23 09:43:04[   71.821909]  Using Legacy Interrupt
2021-12-23 09:43:04[   71.826875] nss is not enabled on this platform
2021-12-23 09:43:04[   71.831313] nss register id -1 offload mode enabled = 0 nss config 0 Target Type b host radio id 0 
2021-12-23 09:43:04[   71.843606] ol_ath_attach interface_id 0
2021-12-23 09:43:04[   71.847043] Chip id: 0xb, chip version: 0x1000000
2021-12-23 09:43:04[   71.851835] ol_transfer_bin_file: flash data file defined
2021-12-23 09:43:04[   71.856586] ol_transfer_bin_file[3690] Get Caldata for wifi0.
2021-12-23 09:43:04[   71.862445] ol_transfer_bin_file 3751: Download Flash data len 12064
2021-12-23 09:43:04[   71.909410] ol_ath_download_firmware :First OTP download and Execute is good address:0x1234 return param 0x7400
2021-12-23 09:43:04[   71.918492] ol_ath_download_firmware:##Board Id 29 , CHIP Id 0 PRODUCT ID 0
2021-12-23 09:43:04[   71.925667] ol_transfer_bin_file: Board Data File download to address=0xc0000 file name=IPQ4019/hw.1/boardData_1_0_IPQ4019_DK07_wifi0_5G_HB.bin
2021-12-23 09:43:04[   71.985684] 
2021-12-23 09:43:04[   71.985684]  [Flash] : Ignore Module param
2021-12-23 09:43:04[   71.998141] ol_ath_download_firmware : Second OTP download and Execute is good, param=0x0 
2021-12-23 09:43:04[   72.006939] ol_transfer_bin_file: Downloading firmware file: IPQ4019/hw.1/athwlan.bin
2021-12-23 09:43:05[   73.238839] Startup Mode-0 set
2021-12-23 09:43:05[   73.240894] pdev attach   (null) -1 
2021-12-23 09:43:05[   73.244838] HTC Service:0x0300 ep:1 TX flow control disabled
2021-12-23 09:43:05[   73.254498] HTC Service:0x0100 ep:2 TX flow control disabled
2021-12-23 09:43:05[   73.260320] Firmware_Build_Number:92 
2021-12-23 09:43:05[   73.262983] num_rf_chain:0x00000002  ht_cap_info:0x0000085b  vht_cap_info:0x339959b2  vht_supp_mcs:0x0000fffa
2021-12-23 09:43:05[   73.272881] RES CFG Support wmi_service_bitmap 9778 
2021-12-23 09:43:05[   73.277845] 
2021-12-23 09:43:05 Sending Ext resource cfg: HOST PLATFORM as 0 and fw_feature_bitmap as 50 to TGT 
2021-12-23 09:43:05[   73.286487] ol_ath_service_ready_event: sw_cal_support_check_flag: 1
2021-12-23 09:43:05[   73.293133] read /tmp/rd_pair_mapping.bin rdm_table.data count:93 match rdm_table.count:93
2021-12-23 09:43:05[   73.301195] read /tmp/ctrycodetord.bin rdm_table.data count:92 match rdm_table.count:92
2021-12-23 09:43:05[   73.309259] read /tmp/reg_domain.bin rdm_table.data count:102 match rdm_table.count:102
2021-12-23 09:43:05[   73.317171] read /tmp/rd_freqband.bin rdm_table.data count:188 match rdm_table.count:188
2021-12-23 09:43:05[   73.325174] init ol_regdmn_Rdt.regDomainPairsCt:93 ol_regdmn_Rdt.allCountriesCt:92 ol_regdmn_Rdt.regDomainsCt:102 regDmn5GhzFreqCt:188
2021-12-23 09:43:05[   73.337223] after check ol_regdmn_Rdt.regDomainPairsCt:93 ol_regdmn_Rdt.allCountriesCt:92 ol_regdmn_Rdt.regDomainsCt:102 regDmn5GhzFreqCt:188
2021-12-23 09:43:05[   73.349894] ol_regdmn_Rdt.allCountries[0].isoName:AR ol_regdmn_Rdt.allCountries[0].name:ARGENTINA, countrycode_import:1
2021-12-23 09:43:06[   73.402920] wmi_ready_event_rx:  WMI UNIFIED READY event 
2021-12-23 09:43:06[   73.407544] htt_h2t_frag_desc_bank_cfg_msg - HTT_H2T_MSG_TYPE_FRAG_DESC_BANK_CFG sent to FW for radio ID = 0
2021-12-23 09:43:06[   73.422388] ol_regdmn_init_channels: !avail mode 0x21001 (0x2) flags 0x2150
2021-12-23 09:43:06[   73.428468] ol_regdmn_init_channels: !avail mode 0x21001 (0x4) flags 0xa0
2021-12-23 09:43:06[   73.435125] ol_regdmn_init_channels: !avail mode 0x21001 (0x8) flags 0xc0
2021-12-23 09:43:06[   73.441908] ol_regdmn_init_channels: !avail mode 0x21001 (0x20) flags 0xd0
2021-12-23 09:43:06[   73.448742] ol_regdmn_init_channels: !avail mode 0x21001 (0x40) flags 0x150
2021-12-23 09:43:06[   73.455703] ol_regdmn_init_channels: !avail mode 0x21001 (0x800) flags 0x10080
2021-12-23 09:43:06[   73.462896] ol_regdmn_init_channels: !avail mode 0x21001 (0x2000) flags 0x20080
2021-12-23 09:43:06[   73.470190] ol_regdmn_init_channels: !avail mode 0x21001 (0x4000) flags 0x40080
2021-12-23 09:43:06[   73.477515] ol_regdmn_init_channels: !avail mode 0x21001 (0x8000) flags 0x20100
2021-12-23 09:43:06[   73.484789] ol_regdmn_init_channels: !avail mode 0x21001 (0x10000) flags 0x40100
2021-12-23 09:43:06[   73.492177] ol_regdmn_init_channels: !avail mode 0x21001 (0x40000) flags 0x200100
2021-12-23 09:43:06[   73.499627] ol_regdmn_init_channels: !avail mode 0x21001 (0x80000) flags 0x400100
2021-12-23 09:43:06[   73.507083] ol_regdmn_init_channels: !avail mode 0x21001 (0x100000) flags 0x800100
2021-12-23 09:43:06[   73.514633] ol_regdmn_init_channels: !avail mode 0x21001 (0x200000) flags 0x4000100
2021-12-23 09:43:06[   73.522270] ol_regdmn_init_channels: !avail mode 0x21001 (0x400000) flags 0x8000100
2021-12-23 09:43:06[   73.530572] spectral_init_netlink 78 NULL SKB
2021-12-23 09:43:06[   73.534482] 
2021-12-23 09:43:06[   73.534482]  the 1st socket creation has failed
2021-12-23 09:43:06[   73.540284] ieee80211com_init_netlink: 3491: Wifipos 2nd Netlink socket created:4f6a3c4f
2021-12-23 09:43:06[   73.548388] dfs_attach: event log enabled by default
2021-12-23 09:43:06[   73.554413] ipq4019_wifi_led_init: Wifi LED init failed.. Couldn't get led gpio/led source
2021-12-23 09:43:06[   73.561980] ol_ath_attach: Set global_ic[1] ..ptr:fbe47223
2021-12-23 09:43:06[   73.567327]  Wrap Attached: Wrap_com =2122df15 ic->ic_wrap_com=2122df15 &wrap_com->wc_devt=2122df15 
2021-12-23 09:43:06[   73.577421] ol_ath_thermal_mitigation_attach: ++
2021-12-23 09:43:06[   73.581168] ol_ath_thermal_mitigation_attach: --
2021-12-23 09:43:06[   73.585842] ol_ath_ahb_probe
2021-12-23 09:43:06[   73.588591] ol_ath_ahb_probe: io resource start: 0xa800000, mem=0xe3780000
2021-12-23 09:43:06[   73.596050] 
2021-12-23 09:43:06[   73.596050] __ol_ath_attach() Allocated scn 56046163
2021-12-23 09:43:06[   73.601853] ol_ath_ahb_configure: MSI addr: 0b006040, MSI base: 00000050
2021-12-23 09:43:06[   73.609365] 
2021-12-23 09:43:06[   73.609365]  ol_ath_ahb_configure : num_desired MSI set to 0
2021-12-23 09:43:06[   73.615714] 
2021-12-23 09:43:06[   73.615714]  Using Legacy Interrupt
2021-12-23 09:43:06[   73.620664] nss is not enabled on this platform
2021-12-23 09:43:06[   73.625092] nss register id -1 offload mode enabled = 0 nss config 0 Target Type b host radio id 1 
2021-12-23 09:43:06[   73.642027] ol_ath_attach interface_id 1
2021-12-23 09:43:06[   73.645368] Chip id: 0xb, chip version: 0x1000000
2021-12-23 09:43:06[   73.650722] ol_transfer_bin_file: flash data file defined
2021-12-23 09:43:06[   73.655156] ol_transfer_bin_file[3690] Get Caldata for wifi1.
2021-12-23 09:43:06[   73.661061] ol_transfer_bin_file 3751: Download Flash data len 12064
2021-12-23 09:43:06[   73.708734] ol_ath_download_firmware :First OTP download and Execute is good address:0x1234 return param 0x5400
2021-12-23 09:43:06[   73.717877] ol_ath_download_firmware:##Board Id 21 , CHIP Id 0 PRODUCT ID 0
2021-12-23 09:43:06[   73.725053] ol_transfer_bin_file: Board Data File download to address=0xc0000 file name=IPQ4019/hw.1/boardData_1_0_IPQ4019_DK04_5G.bin
2021-12-23 09:43:06[   73.773205] 
2021-12-23 09:43:06[   73.773205]  [Flash] : Ignore Module param
2021-12-23 09:43:06[   73.785676] ol_ath_download_firmware : Second OTP download and Execute is good, param=0x0 
2021-12-23 09:43:06[   73.794457] ol_transfer_bin_file: Downloading firmware file: IPQ4019/hw.1/athwlan.bin
2021-12-23 09:43:06[   74.237260] [wifi0] [1592] ratectrl_dbgid_wal_rcquery [rix1 6365 rix2 20 rix3 195 proberix 3 ppduflag 0x3] 
2021-12-23 09:43:06[   74.246011] [wifi0] [1602] ratectrl_dbgid_wal_rcquery [rix1 6365 rix2 20 rix3 195 proberix 3 ppduflag 0x3] 
2021-12-23 09:43:06[   74.255802] [wifi0] [1611] ratectrl_dbgid_wal_rcquery [rix1 6365 rix2 20 rix3 195 proberix 3 ppduflag 0x3] 
2021-12-23 09:43:06[   74.265499] [wifi0] [1621] ratectrl_dbgid_wal_rcquery [rix1 6365 rix2 20 rix3 195 proberix 3 ppduflag 0x3] 
2021-12-23 09:43:06[   74.275218] [wifi0] [1628] ratectrl_dbgid_wal_rcquery [rix1 6365 rix2 20 rix3 195 proberix 3 ppduflag 0x3] 
2021-12-23 09:43:06[   74.284937] [wifi0] [1628] WAL_DBGID_TX_AC_BUFFER_SET ( 0x3, 0x1e, 0x94c, 0x94c, 0x0 )
2021-12-23 09:43:06[   74.292829] [wifi0] [1628] WAL_DBGID_TX_AC_BUFFER_SET ( 0x12, 0x1e, 0x94c, 0x94c, 0x0 )
2021-12-23 09:43:06[   74.300805] [wifi0] [1628] WAL_DBGID_TX_AC_BUFFER_SET ( 0x45, 0x1e, 0x94c, 0x94c, 0x0 )
2021-12-23 09:43:06[   74.308751] [wifi0] [1628] WAL_DBGID_TX_AC_BUFFER_SET ( 0x67, 0x1e, 0x94c, 0x94c, 0x0 )
2021-12-23 09:43:06[   74.316736] [wifi0] [1763] ratectrl_dbgid_wal_rcquery [rix1 6365 rix2 20 rix3 195 proberix 3 ppduflag 0x3] 
2021-12-23 09:43:07[   75.079331] Startup Mode-0 set
2021-12-23 09:43:07[   75.081449] pdev attach   (null) -1 
2021-12-23 09:43:07[   75.085508] HTC Service:0x0300 ep:1 TX flow control disabled
2021-12-23 09:43:07[   75.095956] HTC Service:0x0100 ep:2 TX flow control disabled
2021-12-23 09:43:07[   75.101945] Firmware_Build_Number:92 
2021-12-23 09:43:07[   75.104664] num_rf_chain:0x00000002  ht_cap_info:0x0000085b  vht_cap_info:0x339959b2  vht_supp_mcs:0x0000fffa
2021-12-23 09:43:07[   75.114505] RES CFG Support wmi_service_bitmap 9778 
2021-12-23 09:43:07[   75.119513] 
2021-12-23 09:43:07 Sending Ext resource cfg: HOST PLATFORM as 0 and fw_feature_bitmap as 50 to TGT 
2021-12-23 09:43:07[   75.128236] ol_ath_service_ready_event: sw_cal_support_check_flag: 1
2021-12-23 09:43:07[   75.134644] after check ol_regdmn_Rdt.regDomainPairsCt:93 ol_regdmn_Rdt.allCountriesCt:92 ol_regdmn_Rdt.regDomainsCt:102 regDmn5GhzFreqCt:188
2021-12-23 09:43:07[   75.147207] ol_regdmn_Rdt.allCountries[0].isoName:AR ol_regdmn_Rdt.allCountries[0].name:ARGENTINA, countrycode_import:1
2021-12-23 09:43:07[   75.200199] wmi_ready_event_rx:  WMI UNIFIED READY event 
2021-12-23 09:43:07[   75.204872] htt_h2t_frag_desc_bank_cfg_msg - HTT_H2T_MSG_TYPE_FRAG_DESC_BANK_CFG sent to FW for radio ID = 1
2021-12-23 09:43:07[   75.219579] ol_regdmn_init_channels: !avail mode 0x21001 (0x2) flags 0x2150
2021-12-23 09:43:07[   75.225659] ol_regdmn_init_channels: !avail mode 0x21001 (0x4) flags 0xa0
2021-12-23 09:43:07[   75.232322] ol_regdmn_init_channels: !avail mode 0x21001 (0x8) flags 0xc0
2021-12-23 09:43:07[   75.239113] ol_regdmn_init_channels: !avail mode 0x21001 (0x20) flags 0xd0
2021-12-23 09:43:07[   75.245925] ol_regdmn_init_channels: !avail mode 0x21001 (0x40) flags 0x150
2021-12-23 09:43:07[   75.252884] ol_regdmn_init_channels: !avail mode 0x21001 (0x800) flags 0x10080
2021-12-23 09:43:07[   75.260074] ol_regdmn_init_channels: !avail mode 0x21001 (0x2000) flags 0x20080
2021-12-23 09:43:07[   75.267382] ol_regdmn_init_channels: !avail mode 0x21001 (0x4000) flags 0x40080
2021-12-23 09:43:07[   75.274696] ol_regdmn_init_channels: !avail mode 0x21001 (0x8000) flags 0x20100
2021-12-23 09:43:07[   75.281965] ol_regdmn_init_channels: !avail mode 0x21001 (0x10000) flags 0x40100
2021-12-23 09:43:07[   75.289401] ol_regdmn_init_channels: !avail mode 0x21001 (0x40000) flags 0x200100
2021-12-23 09:43:07[   75.297085] ol_regdmn_init_channels: !avail mode 0x21001 (0x80000) flags 0x400100
2021-12-23 09:43:07[   75.304265] ol_regdmn_init_channels: !avail mode 0x21001 (0x100000) flags 0x800100
2021-12-23 09:43:07[   75.311833] ol_regdmn_init_channels: !avail mode 0x21001 (0x200000) flags 0x4000100
2021-12-23 09:43:07[   75.319479] ol_regdmn_init_channels: !avail mode 0x21001 (0x400000) flags 0x8000100
2021-12-23 09:43:07[   75.328003] spectral_init_netlink 78 NULL SKB
2021-12-23 09:43:07[   75.331644] ieee80211com_init_netlink: Socket already created 4f6a3c4f
2021-12-23 09:43:07[   75.338044] dfs_attach: event log enabled by default
2021-12-23 09:43:07[   75.343839] ipq4019_wifi_led_init: Wifi LED init failed.. Couldn't get led gpio/led source
2021-12-23 09:43:07[   75.351308] ol_ath_attach: Set global_ic[2] ..ptr:fbe47223
2021-12-23 09:43:07[   75.356809]  Wrap Attached: Wrap_com =8c18546a ic->ic_wrap_com=8c18546a &wrap_com->wc_devt=8c18546a 
2021-12-23 09:43:07[   75.368435] ol_ath_thermal_mitigation_attach: ++
2021-12-23 09:43:07[   75.372158] ol_ath_thermal_mitigation_attach: --
2021-12-23 09:43:07[   75.393013]  pktlog_init: Initializing Pktlog for AR900B, pktlog_hdr_size = 16
2021-12-23 09:43:07[   75.399317]  pktlog_init: Initializing Pktlog for AR900B, pktlog_hdr_size = 16
2021-12-23 09:43:07qcawifi: enable radio wifi0
2021-12-23 09:43:08[   75.786929] isCountryCodeValid: EEPROM regdomain 0x0
2021-12-23 09:43:08[   75.790956] isCountryCodeValid 637: country_regdmn:0x1ff, rd:0x0
2021-12-23 09:43:08[   75.796935] ol_regdmn_init_channels: skip mode 0x2 flags 0x2150
2021-12-23 09:43:08[   75.802830] ol_regdmn_init_channels: skip mode 0x1 flags 0x140
2021-12-23 09:43:08[   75.808635] ol_regdmn_init_channels: skip mode 0x4 flags 0xa0
2021-12-23 09:43:08[   75.814376] ol_regdmn_init_channels: skip mode 0x8 flags 0xc0
2021-12-23 09:43:08[   75.820077] ol_regdmn_init_channels: skip mode 0x20 flags 0xd0
2021-12-23 09:43:08[   75.825874] ol_regdmn_init_channels: skip mode 0x40 flags 0x150
2021-12-23 09:43:08[   75.831791] ol_regdmn_init_channels: !avail mode 0x1f9001 (0x800) flags 0x10080
2021-12-23 09:43:08[   75.839080] ol_regdmn_init_channels: !avail mode 0x1f9001 (0x2000) flags 0x20080
2021-12-23 09:43:08[   75.846498] ol_regdmn_init_channels: !avail mode 0x1f9001 (0x4000) flags 0x40080
2021-12-23 09:43:08[   75.855452] ol_regdmn_init_channels: !avail mode 0x1f9001 (0x200000) flags 0x4000100
2021-12-23 09:43:08[   75.862243] ol_regdmn_init_channels: !avail mode 0x1f9001 (0x400000) flags 0x8000100
2021-12-23 09:43:08[   75.967615] [Country Code] [ieee80211_update_channellist 1339] ic_curchan:f7fb33ca
2021-12-23 09:43:08[   75.992959] Resetting spectral chainmask to Rx chainmask
2021-12-23 09:43:08[   76.044032] DCS: ol_ath_set_config_param dcs enable value 3 return value 0
2021-12-23 09:43:08[   76.077519] [wifi1] [1595] ratectrl_dbgid_wal_rcquery [rix1 6365 rix2 20 rix3 195 proberix 3 ppduflag 0x3] 
2021-12-23 09:43:08[   76.086484] [wifi1] [1605] ratectrl_dbgid_wal_rcquery [rix1 6365 rix2 20 rix3 195 proberix 3 ppduflag 0x3] 
2021-12-23 09:43:08[   76.096289] FIRMWARE:pdev_reset mode=1 
2021-12-23 09:43:08[   76.100112] [wifi1] [   76.100947] set TXBF_SND_PERIOD: value 100 wmi_status 0
2021-12-23 09:43:08
2021-12-23 09:43:08[   76.107242] [1615] ratectrl_dbgid_wal_rcquery [rix1 6365 rix2 20 rix3 195 proberix 3 ppduflag 0x3] 
2021-12-23 09:43:08[   76.116439] [wifi1] [1624] ratectrl_dbgid_wal_rcquery [rix1 6365 rix2 20 rix3 195 proberix 3 ppduflag 0x3] 
2021-12-23 09:43:08[   76.126158] [wifi1] [1631] ratectrl_dbgid_wal_rcquery [rix1 6365 rix2 20 rix3 195 proberix 3 ppduflag 0x3] 
2021-12-23 09:43:08[   76.135882] [wifi1] [1632] WAL_DBGID_TX_AC_BUFFER_SET ( 0x3, 0x1e, 0x94c, 0x94c, 0x0 )
2021-12-23 09:43:08[   76.143688] [wifi1] [1632] WAL_DBGID_TX_AC_BUFFER_SET ( 0x12, 0x1e, 0x94c, 0x94c, 0x0 )
2021-12-23 09:43:08[   76.151674] [wifi1] [1632] WAL_DBGID_TX_AC_BUFFER_SET ( 0x45, 0x1e, 0x94c, 0x94c, 0x0 )
2021-12-23 09:43:08[   76.159662] [wifi1] [   76.160869] wmi_dbg_cfg_send: mod[0]00000000 dbgcfg50000000 cfgvalid[0] 00000000 cfgvalid[1] 00000000
2021-12-23 09:43:08
2021-12-23 09:43:08[   76.171021] [1632] WAL_DBGID_TX_AC_BUFFER_SET ( 0x67, 0x1e, 0x94c, 0x94c, 0x0 )
2021-12-23 09:43:08[   76.178322] [wifi1] [1766] ratectrl_dbgid_wal_rcquery [rix1 6365 rix2 20 rix3 195 proberix 3 ppduflag 0x3] 
2021-12-23 09:43:08[   76.236971] [wifi0] [4260] ratectrl_dbgid_wal_rcquery [rix1 6365 rix2 20 rix3 195 proberix 3 ppduflag 0x3] 
2021-12-23 09:43:08[   76.245821] [wifi0] [4389] ratectrl_dbgid_wal_rcquery [rix1 6365 rix2 20 rix3 195 proberix 3 ppduflag 0x3] 
2021-12-23 09:43:08[   76.255522] [wifi0] [4406] AUTOACK_DBGID_SETACK ( 0x40, 0x9, 0x333 )
2021-12-23 09:43:08[   76.261832] [wifi0] [4449] AUTOACK_DBGID_SETACK ( 0xf8, 0x9, 0x333 )
2021-12-23 09:43:08[   76.372062] wlan_vap_create : enter. devhandle=0xdd380500, opmode=IEEE80211_M_HOSTAP, flags=0x1
2021-12-23 09:43:08[   76.380143] In ieee80211_vap_setup, line:417, wifi-pos enabled vap:0
2021-12-23 09:43:08[   76.387202] ol_ath_vap_create 3438 init beacon suspend timer
2021-12-23 09:43:08[   76.391912] wlan_vap_create : exit. devhandle=0xdd380500, vap=0xdd328000, opmode=IEEE80211_M_HOSTAP, flags=0x1.
2021-12-23 09:43:08[   76.402084] VAP device ath0 created osifp: (7bb5cb33) os_if: (2de136ad)
2021-12-23 09:43:08[   76.441491] ol_ath_set_config_param 536: OL_ATH_PARAM_TDMA_EN set, value = 0 dev=wifi0
2021-12-23 09:43:08[   76.463112] ol_ath_set_config_param: OL_ATH_PARAM_TDMA_PRI cannot be set in NON STA OP mode.
2021-12-23 09:43:08[   76.479564] [debug][ol_ath_set_config_param 561] 2500
2021-12-23 09:43:08[   76.483859] FIRMWARE:tdma slot: 2500, 440 
2021-12-23 09:43:08[   76.496897] [debug][ol_ath_set_config_param 568] 512
2021-12-23 09:43:08[   76.501107] FIRMWARE:tdma slot: 2500, 512 
2021-12-23 09:43:08[   76.513189] QBOOST: ol_ath_set_config_param qboost value 1
2021-12-23 09:43:08[   76.513323] FIRMWARE:FW_VER: 0427-001, QBOOST: 1 nsf:0 
2021-12-23 09:43:08[   76.548517] ol_ath_set_config_param: OL_ATH_PARAM_CHANBW set, value = 0x00000000
2021-12-23 09:43:08[   76.548650] FIRMWARE:pdev_reset mode=1 
2021-12-23 09:43:08[   76.568173] FIRMWARE:nf fixed 0 
2021-12-23 09:43:094920 4925 4930 4935 4940 4945 4950 4955 4960 4965 4970 4975 4980 4985 4990 4995 5005 5010 5015 5020 5025 5030 5035 5040 5045 5050 5055 5060 5065 5070 5075 5080 5085 5090 5095 5100 5105 5110 5115 5120 5125 5130 5135 5140 5145 5150 5155 5160 5165 5170 5175 5[   76.601536] isCountryCodeValid: EEPROM regdomain 0x0
2021-12-23 09:43:09180 5185 5190 5195 5200 5205 5210 5215 5220 5225 5230 5235 5240 [   76.611992] isCountryCodeValid 637: country_regdmn:0x1ff, rd:0x0
2021-12-23 09:43:095245 5250 5255 5260 5265 5270 5275 5280 5285 5290 5295 5300 5305[   76.623602] ol_regdmn_init_channels: skip mode 0x2 flags 0x2150
2021-12-23 09:43:09 5310 5315 5320 5325 5330 5335 5340 5345 5350 5355 5360 5365 537[   76.634978] ol_regdmn_init_channels: skip mode 0x1 flags 0x140
2021-12-23 09:43:090 5375 5380 5385 5390 5395 5400 5405 5410 5415 5420 5425 5430 54[   76.646377] ol_regdmn_init_channels: skip mode 0x4 flags 0xa0
2021-12-23 09:43:0935 5440 5445 5450 5455 5460 5465 5470 5475 5480 5485 5490 5495 5[   76.657636] ol_regdmn_init_channels: skip mode 0x8 flags 0xc0
2021-12-23 09:43:09500 5505 5510 5515 5520 5525 5530 5535 5540 5545 5550 5555 5560 [   76.668919] ol_regdmn_init_channels: skip mode 0x20 flags 0xd0
2021-12-23 09:43:09[   76.680286] ol_regdmn_init_channels: skip mode 0x40 flags 0x150
2021-12-23 09:43:095565 5570 5575 5580 5585 5590 5595 5600 5605 5610 5615 5620 5625[   76.686232] ol_regdmn_init_channels: !avail mode 0x1f9001 (0x800) flags 0x10080
2021-12-23 09:43:09 5630 5635 5640 5645 5650 5655 5660 5665 5670 5675 5680 5685 569[   76.699122] ol_regdmn_init_channels: !avail mode 0x1f9001 (0x2000) flags 0x20080
2021-12-23 09:43:090 5695 5700 5705 5710 5715 5720 5725 5730 5735 5740 5745 5750 57[   76.711986] ol_regdmn_init_channels: !avail mode 0x1f9001 (0x4000) flags 0x40080
2021-12-23 09:43:0955 5760 5765 5770 5775 5780 5785 5790 5795 5800 5805 5810 5815 5[   76.726365] ol_regdmn_init_channels: !avail mode 0x1f9001 (0x200000) flags 0x4000100
2021-12-23 09:43:09[   76.738141] ol_regdmn_init_channels: !avail mode 0x1f9001 (0x400000) flags 0x8000100
2021-12-23 09:43:09820 5825 5830 5835 5840 5845 5850 5855 5860 5865 5870 5875 5880 5885 5890 5895 5900 5905 5910 5915 5920 5925 5930 5935 5940 5945 5950 5955
2021-12-23 09:43:09[   76.838622] [Country Code] [ieee80211_update_channellist 1339] ic_curchan:f7fb33ca
2021-12-23 09:43:11[   78.626820] [Country Code] [ieee80211_update_channellist 1339] ic_curchan:f7fb33ca
2021-12-23 09:43:11[   78.724228] [Country Code] [ieee80211_update_channellist 1339] ic_curchan:f7fb33ca
2021-12-23 09:43:11[   78.754726] lockmac 00 00 00 00 00 00 
2021-12-23 09:43:11[   78.863679] wlan_set_param : This basic rate disable mask is already configured. Please try a different value.
2021-12-23 09:43:11[   78.924344] max_vhtmcs=9
2021-12-23 09:43:11[   79.596933] ieee80211_ucfg_getparam : parameter 0x213 not supported 
2021-12-23 09:43:13[   80.771169] ol_ath_set_config_param 536: OL_ATH_PARAM_TDMA_EN set, value = 0 dev=wifi0
2021-12-23 09:43:13[   80.785986] ol_ath_set_config_param: OL_ATH_PARAM_TDMA_WIN_SZ set, value = 10
2021-12-23 09:43:13[   80.799993] ol_ath_set_config_param: OL_ATH_PARAM_TDMA_PRI cannot be set in NON STA OP mode.
2021-12-23 09:43:13[   80.832331] FIRMWARE:pdev_reset mode=4 
2021-12-23 09:43:14[   81.896938] FIRMWARE:pdev_reset mode=1 
2021-12-23 09:43:15qcawifi: enable radio wifi1
2021-12-23 09:43:15[   83.132205] isCountryCodeValid: EEPROM regdomain 0x0
2021-12-23 09:43:15[   83.136202] isCountryCodeValid 637: country_regdmn:0x1f7, rd:0x0
2021-12-23 09:43:15[   83.142184] ol_regdmn_init_channels: !avail mode 0x1f9001 (0x2) flags 0x2150
2021-12-23 09:43:15[   83.149237] ol_regdmn_init_channels: !avail mode 0x1f9001 (0x4) flags 0xa0
2021-12-23 09:43:15[   83.156040] ol_regdmn_init_channels: !avail mode 0x1f9001 (0x8) flags 0xc0
2021-12-23 09:43:15[   83.162906] ol_regdmn_init_channels: !avail mode 0x1f9001 (0x20) flags 0xd0
2021-12-23 09:43:15[   83.169837] ol_regdmn_init_channels: !avail mode 0x1f9001 (0x40) flags 0x150
2021-12-23 09:43:15[   83.176878] ol_regdmn_init_channels: !avail mode 0x1f9001 (0x800) flags 0x10080
2021-12-23 09:43:15[   83.184164] ol_regdmn_init_channels: !avail mode 0x1f9001 (0x2000) flags 0x20080
2021-12-23 09:43:15[   83.191548] ol_regdmn_init_channels: !avail mode 0x1f9001 (0x4000) flags 0x40080
2021-12-23 09:43:15[   83.199105] ol_regdmn_init_channels: !avail mode 0x1f9001 (0x200000) flags 0x4000100
2021-12-23 09:43:15[   83.206652] ol_regdmn_init_channels: !avail mode 0x1f9001 (0x400000) flags 0x8000100
2021-12-23 09:43:15[   83.214718] [Country Code] [ieee80211_update_channellist 1339] ic_curchan:07e2680b
2021-12-23 09:43:15[   83.239111] Resetting spectral chainmask to Rx chainmask
2021-12-23 09:43:15[   83.324236] FIRMWARE:pdev_reset mode=1 
2021-12-23 09:43:15[   83.333327] set TXBF_SND_PERIOD: value 100 wmi_status 0
2021-12-23 09:43:15[   83.390679] wmi_dbg_cfg_send: mod[0]00000000 dbgcfg50000000 cfgvalid[0] 00000000 cfgvalid[1] 00000000
2021-12-23 09:43:15[   83.466913] ol_ath_set_config_param: OL_ATH_PARAM_TDMA_EN cannot be set in NON AP OP mode. dev=wifi1
2021-12-23 09:43:15[   83.482756] ol_ath_set_config_param: OL_ATH_PARAM_TDMA_WIN_SZ cannot be set in NON AP OP mode.
2021-12-23 09:43:15[   83.498110] ol_ath_set_config_param: OL_ATH_PARAM_TDMA_PRI cannot be set in NON STA OP mode.
2021-12-23 09:43:15[   83.521564] FIRMWARE:pdev_reset mode=4 
2021-12-23 09:43:16[   84.073744] [wifi1] [9847] ratectrl_dbgid_wal_rcquery [rix1 6365 rix2 20 rix3 195 proberix 3 ppduflag 0x3] 
2021-12-23 09:43:16[   84.082471] [wifi1] [9962] ratectrl_dbgid_wal_rcquery [rix1 6365 rix2 20 rix3 195 proberix 3 ppduflag 0x3] 
2021-12-23 09:43:16[   84.092224] [wifi1] [9978] AUTOACK_DBGID_SETACK ( 0x40, 0x9, 0x333 )
2021-12-23 09:43:16[   84.098513] [wifi1] [10019] AUTOACK_DBGID_SETACK ( 0xf8, 0x9, 0x333 )
2021-12-23 09:43:16[   84.560778] FIRMWARE:pdev_reset mode=1 
2021-12-23 09:43:17[   85.596611] FIRMWARE:pdev_reset mode=4 
2021-12-23 09:43:52[  119.958400] netlink: 12 bytes leftover after parsing attributes in process `ip'.
2021-12-23 09:43:52[  120.033120] shortcut_fe_cm: Unknown symbol rt6_lookup (err 0)
2021-12-23 09:43:53oem partation:/dev/mtd14 size:65536
2021-12-23 09:43:53restore oemfile to /etc/config/oem
2021-12-23 09:43:54Check jffs2/squash: rootfs_data 1 0 0 1 cclog 1 0 0 1 / 0 0 0 0
2021-12-23 09:43:57[  124.776320] wmi_unified_vdev_down_send for vap 0 (96a3fe49)
2021-12-23 09:43:57[  124.782399] OL vap_start +
2021-12-23 09:43:57[  124.784126] wmi_unified_vdev_start_send for vap 0 (96a3fe49)
2021-12-23 09:43:57[  124.789794] OL vap_start -
2021-12-23 09:43:57[  124.966384] ol_vdev_start_resp_ev for vap 0 (96a3fe49)
2021-12-23 09:43:57[  124.970714] su bfee 0 mu bfee 0 su bfer 0 mu bfer 0 impl bf 0 sounding dim 0
2021-12-23 09:43:57[  124.977614] wmi_unified_vdev_up_send for vap 0 (96a3fe49)
2021-12-23 09:44:30[  157.688552] [9c:b7:93:ed:3a:06] send auth frmae 
2021-12-23 09:44:30 [ieee80211_send_auth 635] ed:3a:06
2021-12-23 09:44:30[  157.716588] Client(9c:b7:93:ed:3a:06) devinfo: hostname=summer-ap, ip=00000000
2021-12-23 09:44:30[  157.722942] [debug][ieee80211_node_join 540]aid bitmap:2 0 0 0 0 0 0 0 0 0 0 0 
2021-12-23 09:44:30[  157.730326] [ieee80211_node_authorize 1101](at ap assoc)(none-encry)1 1 9c:b7:93:ed:3a:06
2021-12-23 09:44:30[  157.738448] [ath0] Associated with client(9c:b7:93:ed:3a:06) ok.
2021-12-23 09:44:30[  157.744870] FIRMWARE:FW_VER: 0427-001, QBOOST: 1 nsf:0 
2021-12-23 09:44:30[  157.746917] device vnet0 entered promiscuous mode
2021-12-23 09:44:30[  157.747156] br-elan: port 3(vnet0) entered forwarding state
2021-12-23 09:44:30[  157.747244] br-elan: port 3(vnet0) entered forwarding state
2021-12-23 09:44:30[  157.757054] device vnet0.3998 entered promiscuous mode
2021-12-23 09:44:30[  157.757654] br-dcn: port 3(vnet0.3998) entered forwarding state
2021-12-23 09:44:30[  157.757738] br-dcn: port 3(vnet0.3998) entered forwarding state
2021-12-23 09:44:31[  159.071317] enter rsl_ip_msg_deal:673 add new rsl_ip to queue，mac is 9c:b7:93:ed:3a:06
2021-12-23 09:44:32[  159.753786] br-elan: port 3(vnet0) entered forwarding state
2021-12-23 09:44:32[  159.761775] br-dcn: port 3(vnet0.3998) entered forwarding state
2021-12-23 09:44:39APP Version check ok...
2021-12-23 09:44:39MCU Upgrade Succeed! APP_VERSION=4899
2021-12-23 09:46:37[  285.540234] br-dcn: port 3(vnet0.3998) entered disabled state
2021-12-23 09:46:37[  285.553080] device eth0.3998 left promiscuous mode
2021-12-23 09:46:37[  285.565208] br-dcn: port 1(eth0.3998) entered disabled state
2021-12-23 09:46:37[  285.594126] device eth1.3998 left promiscuous mode
2021-12-23 09:46:37[  285.598478] br-dcn: port 2(eth1.3998) entered disabled state
2021-12-23 09:46:38[  285.629341] device vnet0.3998 left promiscuous mode
2021-12-23 09:46:38[  285.633574] br-dcn: port 3(vnet0.3998) entered disabled state
2021-12-23 09:46:38[  285.691087] br-elan: port 3(vnet0) entered disabled state
2021-12-23 09:46:38[  285.702881] device eth0 left promiscuous mode
2021-12-23 09:46:38[  285.706407] br-elan: port 1(eth0) entered disabled state
2021-12-23 09:46:38[  285.727759] device eth1 left promiscuous mode
2021-12-23 09:46:38[  285.731559] br-elan: port 2(eth1) entered disabled state
2021-12-23 09:46:38[  285.753937] device vnet0 left promiscuous mode
2021-12-23 09:46:38[  285.757734] br-elan: port 3(vnet0) entered disabled state
2021-12-23 09:46:39qcawifi disable radio wifi0
2021-12-23 09:46:39[  287.352530] [ath0] Send disassoc to client(9c:b7:93:ed:3a:06) with reason 8.
2021-12-23 09:46:39[  287.358971] wmi_unified_vdev_stop_send for vap 0 (96a3fe49)
2021-12-23 09:46:39[  287.359101] [ieee80211_sta_leave 1840](at ap disassoc)0 1 9c:b7:93:ed:3a:06
2021-12-23 09:46:39[  287.359111] enter func clear_cable_search_queue:10689 clear cable search queue
2021-12-23 09:46:39[  287.359119] enter func clear_rsl_ip_queue:10886 clear rsl ip queue
2021-12-23 09:46:39[  287.359216] [debug][ieee80211_mlme_frame_complete_handler 393]
2021-12-23 09:46:39[  287.390467] STOPPED EVENT for vap 0 (96a3fe49)
2021-12-23 09:46:39[  287.394897] wmi_unified_vdev_down_send for vap 0 (96a3fe49)
2021-12-23 09:46:39[  287.471160]  DEVICE IS DOWN ifname=ath0
2021-12-23 09:46:39[  287.474131]  DEVICE IS DOWN ifname=ath0
2021-12-23 09:46:39[  287.545705] enter func clear_cable_search_queue:10689 clear cable search queue
2021-12-23 09:46:39[  287.552082] enter func clear_rsl_ip_queue:10886 clear rsl ip queue
2021-12-23 09:46:39[  287.558854] ol_scan_unregister_event_handler: Failed to unregister evhandler=d7e96593 arg=7bb5cb33
2021-12-23 09:46:40[  287.598966] ol_scan_unregister_event_handler: Failed to unregister evhandler=d7e96593 arg=7bb5cb33
2021-12-23 09:46:40[  287.606975] ol_scan_unregister_event_handler: Failed to unregister evhandler=1ca26c23 arg=7bb5cb33
2021-12-23 09:46:40[  287.616554] wlan_vap_delete : enter. vaphandle=0xdd328000
2021-12-23 09:46:40[  287.621561] wlan_vap_delete : exit. vaphandle=0xdd328000
2021-12-23 09:46:40[  287.626640] wmi_unified_vdev_delete_send for vap 0 wmi_handle (96a3fe49)
2021-12-23 09:46:40[  287.626814] ol_ath_vap_delete: wmi_unified_vdev_delete_send done ID = 0 vap (2de136ad) VAP Addr = 9c:b7:93:e9:48:88
2021-12-23 09:46:40[  287.626819] ol_ath_vap_delete 3581 delete beacon suspend timer
2021-12-23 09:46:40[  287.626875] TNCL detach.
2021-12-23 09:46:40[  287.626882] ieee80211_mbo_vdetach: MBO terminated
2021-12-23 09:46:40[  287.633284] FIRMWARE:_wlan_qboost_delete_vdev_instance delete trigger wait timer 
2021-12-23 09:46:40[  287.665643] Suspending Target  scn=74c37461
2021-12-23 09:46:40[  287.670590] waiting for target paused event from target 
2021-12-23 09:46:40[  287.674923] ol_ath_thermal_mitigation_detach: ++
2021-12-23 09:46:40[  287.680056] ol_ath_thermal_mitigation_detach: --
2021-12-23 09:46:40[  287.686859] CE_fini 2784 Cleaning up HTT Tx CE
2021-12-23 09:46:40[  287.690379] CE_fini Cleaning up HTT MSG CE(5)
2021-12-23 09:46:40[  287.696488] ol_tx_me_exit: Already Disabled !!!
2021-12-23 09:46:40[  287.736436] Reset complete for wifi core id : 0
2021-12-23 09:46:40qcawifi disable radio wifi1
2021-12-23 09:46:40[  288.158871] resend count exceed the limit
2021-12-23 09:46:52[  299.413519] reboot: Restartin
2021-12-23 09:46:52Format: Log Type - Time(microsec) - Message - Optional Info
2021-12-23 09:46:52Log Type: B - Since Boot(Power On Reset),  D - Delta,  S - Statistic
2021-12-23 09:46:52S - QC_IMAGE_VERSION_STRING=BOOT.BF.3.1.1-00120
2021-12-23 09:46:52S - IMAGE_VARIANT_STRING=DAABANAZA
2021-12-23 09:46:52S - OEM_IMAGE_VERSION_STRING=WINCE-SDC-101
2021-12-23 09:46:52S - Boot Config, 0x00000021
2021-12-23 09:46:52S - Reset status Config, 0x00000010
2021-12-23 09:46:52S - Core 0 Frequency, 0 MHz
2021-12-23 09:46:52B -       261 - PBL, Start
2021-12-23 09:46:52B -      1338 - bootable_media_detect_entry, Start
2021-12-23 09:46:52B -      1678 - bootable_media_detect_success, Start
2021-12-23 09:46:52B -      1692 - elf_loader_entry, Start
2021-12-23 09:46:52B -      5068 - auth_hash_seg_entry, Start
2021-12-23 09:46:52B -      7210 - auth_hash_seg_exit, Start
2021-12-23 09:46:52B -    578640 - elf_segs_hash_verify_entry, Start
2021-12-23 09:46:52B -    696323 - PBL, End
2021-12-23 09:46:52B -    696347 - SBL1, Start
2021-12-23 09:46:52B -    800650 - pm_device_init, Start
2021-12-23 09:46:52D -         6 - pm_device_init, Delta
2021-12-23 09:46:52B -    802058 - boot_flash_init, Start
2021-12-23 09:46:52D -     51511 - boot_flash_init, Delta
2021-12-23 09:46:52B -    857888 - boot_config_data_table_init, Start
2021-12-23 09:46:52D -      3789 - boot_config_data_table_init, Delta - (419 Bytes)
2021-12-23 09:46:52B -    865427 - clock_init, Start
2021-12-23 09:46:52D -      7552 - clock_init, Delta
2021-12-23 09:46:52B -    877006 - CDT version:2,Platform ID:8,Major ID:1,Minor ID:0,Subtype:6
2021-12-23 09:46:52B -    880419 - sbl1_ddr_set_params, Start
2021-12-23 09:46:52B -    885541 - cpr_init, Start
2021-12-23 09:46:52D -         2 - cpr_init, Delta
2021-12-23 09:46:52B -    889871 - Pre_DDR_clock_init, Start
2021-12-23 09:46:52D -         4 - Pre_DDR_clock_init, Delta
2021-12-23 09:46:52D -     13091 - sbl1_ddr_set_params, Delta
2021-12-23 09:46:52B -    903288 - pm_driver_init, Start
2021-12-23 09:46:52D -         2 - pm_driver_init, Delta
2021-12-23 09:46:52B -    976701 - sbl1_wait_for_ddr_training, Start
2021-12-23 09:46:52D -        29 - sbl1_wait_for_ddr_training, Delta
2021-12-23 09:46:52B -   1004836 - Image Load, Start
2021-12-23 09:46:52D -    151654 - QSEE Image Loaded, Delta - (297752 Bytes)
2021-12-23 09:46:52B -   1156964 - Image Load, Start
2021-12-23 09:46:52D -     13443 - SEC Image Loaded, Delta - (2048 Bytes)
2021-12-23 09:46:52B -   1187883 - Image Load, Start
2021-12-23 09:46:53D -    201505 - APPSBL Image Loaded, Delta - (413299 Bytes)
2021-12-23 09:46:53B -   1389893 - QSEE Execution, Start
2021-12-23 09:46:53D -        58 - QSEE Execution, Delta
2021-12-23 09:46:53B -   1396123 - SBL1, End
2021-12-23 09:46:53D -    701776 - SBL1, Delta
2021-12-23 09:46:53S - Flash Throughput, 2013 KB/s  (713518 Bytes,  354318 us)
2021-12-23 09:46:53S - DDR Frequency, 672 MHz
2021-12-23 09:46:53
2021-12-23 09:46:53
2021-12-23 09:46:53U-Boot 2012.07 [Chaos Calmer 15.05.1,r2053] (Oct 16 2021 - 23:03:16)
2021-12-23 09:46:53
2021-12-23 09:46:53smem ram ptable found: ver: 1 len: 3
2021-12-23 09:46:53DRAM:  512 MiB
2021-12-23 09:46:53machid : 0x8010006
2021-12-23 09:46:53NAND:  ID = 9580f12c
2021-12-23 09:46:53Vendor = 2c
2021-12-23 09:46:53Device = f1
2021-12-23 09:46:53ONFI device found
2021-12-23 09:46:53SF: Detected MX25L25635E with page size 4 KiB, total 32 MiB
2021-12-23 09:46:53Watch dog reset in spi_flash_probe
2021-12-23 09:46:53ipq_spi: page_size: 0x100, sector_size: 0x1000, size: 0x2000000
2021-12-23 09:46:53160 MiB
2021-12-23 09:46:53In:    serial
2021-12-23 09:46:53Out:   serial
2021-12-23 09:46:53Err:   serial
2021-12-23 09:46:53machid: 8010006
2021-12-23 09:46:53flash_type: 0
2021-12-23 09:46:53Autoboot in 2 seconds, hit [CTRL+C],
2021-12-23 09:46:53bootdelay (Press 'CTRL+C' or 'CTRL+c' to Enter uboot command)
2021-12-23 09:46:55HW watchdog reset in mainloop, s = bootipq
2021-12-23 09:46:55Erasing Nand...
2021-12-23 09:46:55Erasing at 0xef000 -- 100% complete.
2021-12-23 09:46:56Writing to Nand... done
2021-12-23 09:46:56SF: Detected MX25L25635E with page size 4 KiB, total 32 MiB
2021-12-23 09:46:56Watch dog reset in spi_flash_probe
2021-12-23 09:46:57Watch dog reset in boot_get_kernel
2021-12-23 09:46:57## Booting kernel from FIT Image at 84000000 ...
2021-12-23 09:46:57   Using 'config@ap.dk07.1-c1' configuration
2021-12-23 09:46:57   Trying 'kernel@1' kernel subimage
